📋 โพสต์ที่เคยเห็นแล้ว: 310 รายการ
📂 โหลด session จาก .fb_session.json
🌐 กำลังเปิด Facebook...
✅ Login อยู่แล้ว
💾 บันทึก session แล้ว

📁 กำลังเปิดกลุ่ม (chronological posts feed)...
📄 Page body (200 chars):  
Find friends
โป๊กเกอร์ Community Thailand
Private group
 
·
38.2K members
Manage
Community home
Overview
Admin tools
Admin Assist
0 actions, 0 criteria
Member requests
Group admin notification badge
✅ เข้ากลุ่มได้แล้ว — เริ่ม loop ทุก 60 นาที


============================================================
🔄 รอบที่ 1 — 2026-07-30 00:09:20
============================================================

📜 เริ่ม scrape...
  ⬇️  scroll ผ่าน header เพื่อโหลดโพสต์...
    พบ 5 post cards + 6 comment articles
  รอบ 1/8: +5 โพสต์ +0 comment (รวม 5)
    พบ 3 post cards + 6 comment articles
  รอบ 2/8: +2 โพสต์ +0 comment (รวม 7)
    พบ 4 post cards + 4 comment articles
  รอบ 3/8: +1 โพสต์ +0 comment (รวม 8)
    พบ 6 post cards + 6 comment articles
  รอบ 4/8: +3 โพสต์ +0 comment (รวม 11)
    พบ 5 post cards + 6 comment articles
  รอบ 5/8: +3 โพสต์ +0 comment (รวม 14)
    พบ 6 post cards + 8 comment articles
  รอบ 6/8: +3 โพสต์ +0 comment (รวม 17)
    พบ 8 post cards + 7 comment articles
  รอบ 7/8: +3 โพสต์ +0 comment (รวม 20)
    พบ 7 post cards + 4 comment articles
📋 โพสต์ที่เคยเห็นแล้ว: 310 รายการ
📂 โหลด session จาก .fb_session.json
🌐 กำลังเปิด Facebook...
✅ Login อยู่แล้ว
💾 บันทึก session แล้ว

📁 กำลังเปิดกลุ่ม (chronological posts feed)...
📄 Page body (200 chars):  
Find friends
โป๊กเกอร์ Community Thailand
Private group
 
·
38.2K members
Manage
Community home
Overview
Admin tools
Admin Assist
0 actions, 0 criteria
Member requests
Group admin notification badge
✅ เข้ากลุ่มได้แล้ว — เริ่ม loop ทุก 60 นาที


============================================================
🔄 รอบที่ 1 — 2026-07-30 00:23:33
============================================================

📜 เริ่ม scrape...
  ⬇️  scroll ผ่าน header เพื่อโหลดโพสต์...
    พบ 4 post cards + 4 comment articles
  รอบ 1/8: +4 โพสต์ +0 comment (รวม 4)
    พบ 5 post cards + 11 comment articles
📋 โพสต์ที่เคยเห็นแล้ว: 310 รายการ
📂 โหลด session จาก .fb_session.json
🌐 กำลังเปิด Facebook...
✅ Login อยู่แล้ว
💾 บันทึก session แล้ว

📁 กำลังเปิดกลุ่ม (chronological posts feed)...
📄 Page body (200 chars):  
Find friends
โป๊กเกอร์ Community Thailand
Private group
 
·
38.2K members
Manage
Community home
Overview
Admin tools
Admin Assist
0 actions, 0 criteria
Member requests
Group admin notification badge
✅ เข้ากลุ่มได้แล้ว — เริ่ม loop ทุก 60 นาที


============================================================
🔄 รอบที่ 1 — 2026-07-30 00:25:07
============================================================

📜 เริ่ม scrape...
  ⬇️  scroll ผ่าน header เพื่อโหลดโพสต์...
    พบ 4 post cards + 4 comment articles
  รอบ 1/8: +4 โพสต์ +0 comment (รวม 4)
    พบ 5 post cards + 11 comment articles
  รอบ 2/8: +3 โพสต์ +0 comment (รวม 7)
    พบ 3 post cards + 4 comment articles
📋 โพสต์ที่เคยเห็นแล้ว: 310 รายการ
📂 โหลด session จาก .fb_session.json
🌐 กำลังเปิด Facebook...
✅ Login อยู่แล้ว
💾 บันทึก session แล้ว

📁 กำลังเปิดกลุ่ม (chronological posts feed)...
📄 Page body (200 chars):  
Find friends
โป๊กเกอร์ Community Thailand
Private group
 
·
38.2K members
Manage
Community home
Overview
Admin tools
Admin Assist
0 actions, 0 criteria
Member requests
Group admin notification badge
✅ เข้ากลุ่มได้แล้ว — เริ่ม loop ทุก 60 นาที


============================================================
🔄 รอบที่ 1 — 2026-07-30 00:27:26
============================================================

📜 เริ่ม scrape...
  ⬇️  scroll ผ่าน header เพื่อโหลดโพสต์...
    พบ 4 post cards + 4 comment articles
  รอบ 1/8: +4 โพสต์ +0 comment (รวม 4)
    พบ 5 post cards + 11 comment articles
  รอบ 2/8: +3 โพสต์ +0 comment (รวม 7)
    พบ 3 post cards + 4 comment articles
  รอบ 3/8: +2 โพสต์ +0 comment (รวม 9)
    พบ 5 post cards + 6 comment articles
  รอบ 4/8: +4 โพสต์ +0 comment (รวม 13)
    พบ 5 post cards + 7 comment articles
  รอบ 5/8: +2 โพสต์ +0 comment (รวม 15)
    พบ 6 post cards + 8 comment articles
  รอบ 6/8: +2 โพสต์ +0 comment (รวม 17)
    พบ 6 post cards + 7 comment articles
  รอบ 7/8: +3 โพสต์ +0 comment (รวม 20)
    พบ 6 post cards + 7 comment articles
  รอบ 8/8: +2 โพสต์ +0 comment (รวม 22)

📡 ส่ง 22 โพสต์ + 0 comment → SocialEye...
   ✓📝[❤3] Parnupat Bhochanuk: AA มันเเค่ 2 เเต้ม
This content isn't available at the …
   ✓📝[❤0] Parnupat Bhochanuk: I'm back · · Rate this translation
I'm back
· · Rate th…
   ✓📝🖼x1[❤0] Hanin Pattanin: ใครมี point เหลือไม่ได้ใช้ ขอซื้อต่อ แค่ 77 point ได้มั…
  ⭐📝🖼x4[❤2] Dwngdee Ma rwy: ขายหุ้น ครับ
25 PLO Myster Bounty Mini Main,$500K
ฝากเพ…
   ✓📝[❤10] Tong Ways: I'm really going to quit, haha555 · · Rate this transla…
  ⭐📝[❤7] Nattakron Samaikul: ทำไมผมถึงโหลด n8ไม่ได้หรอครับ ต้องใช้vpnอะไรโหลดไหมครับ…
  ⭐📝[❤6] Punyawat Banthaoth: xpokerth ใครเล่นอยู่บ้างเเม้งฝากถอนไม่ได้…
  ⭐📝🖼x1[❤2] Kit Intanongchai: โอกาสเดียว ต้องใช้ให้คุ้ม! เตรียมเข้าสู่สนาม GG MASTERS…
   ✓📝[❤2] Kim5678: Sunday Ox
ไฟนอล ขอสักตัวหน่อยนานจะเล่น…
   ✓📝🖼x1[❤10] ต้นโลตัส ณ.บ้านดอน: แฮนด์นี้ยอมรับเลยกุเล่นโง่จัด กุไปเอาความมั่นใจมาจากใหน…
   ✓📝🖼x2[❤0] Manothai Fhangkam: ถามผู้ รู้หน่อยครับ 7 แต้ม สองเด้ง กับ ป๊อก 8 สองเด้ง ม…
   ✓📝🖼x1[❤15] อริยชน ปัญญาดี: Call มาได้ยังไง ลูกพี่…
   ✓📝🖼x5[❤1] Jakkapan Sangprom: Parnupat Bhochanukoo
l
g
2
4
: y
6 ·…
   ✓📝[❤10] Minion Soda: รบกวนปรึกษาครับกำลังฝึก
Q1 : flop 6ka
-ถ้ามี k9 ในมือ จ…
   ✓📝🖼x1[❤19] Ratchawut Chumpol: พี่คนนี้แม้งโครตสุดยอดเลยครั้งแรกกับการชื้อหุ้นแก่ นั่ง…
   ✓📝🖼x1[❤4] ต้อม อรรถพล บรบือ: ทำใจแล้วครับ…
  ⭐📝🖼x2[❤13] หมูปิ้ง ตัวเสี่ยว: ฝากติชมหน่อยคับ แฮนนี้ แจมสวนได้ไหมคับ
ส่วนตัวคิดว่าแจม…
   ✓📝🖼x1[❤8] Thanakorn Kalapan: หลังจากรันแย่มาเกือบสองเดือน…
   ✓📝🖼x2[❤13] Kittiphob Rerkshan: ท้อ
All in pre flop ทั้ง 2 แฮน
All in pre flop ทั้ง 2 แ…
   ✓📝[❤7] ไมค์ ฮาเวล: วันอาทิตย์ใครitmได้ ถือว่าเก่งแล้ว ไม่เอาแล้ว กลัวแล้วว…
   ✓📝🖼x5[❤0] ต้นโลตัส ณ.บ้านดอน: ไผ่ทำเงินแต่คงไม่ใช่วันนี้ อย่างเหงา555…
   ✓📝🖼x5[❤4] ต้นโลตัส ณ.บ้านดอน: อยากวัดก็มาดิค้าบ เช้าๆหาเงินกินกาแฟหน่อยเว้ย
eopnosdrS…
  → ส่งสำเร็จ 22/22 | keyword hits: 5

⏰ รอบต่อไป: 00:42:49  (ทุก 10 นาที) — กด Ctrl+C เพื่อหยุด

============================================================
🔄 รอบที่ 2 — 2026-07-30 00:42:49
============================================================

💥 Scraper crash: Page.goto: Connection closed while reading from the driver
🔄 รีสตาร์ท browser ใน 15 วินาที...
📋 โพสต์ที่เคยเห็นแล้ว: 332 รายการ
📂 โหลด session จาก .fb_session.json
🌐 กำลังเปิด Facebook...
✅ Login อยู่แล้ว
💾 บันทึก session แล้ว

📁 กำลังเปิดกลุ่ม (chronological posts feed)...
📄 Page body (200 chars):  
Find friends
โป๊กเกอร์ Community Thailand
Private group
 
·
38.2K members
Manage
Community home
Overview
Admin tools
Admin Assist
0 actions, 0 criteria
Member requests
Group admin notification badge
✅ เข้ากลุ่มได้แล้ว — เริ่ม loop ทุก 60 นาที


============================================================
🔄 รอบที่ 1 — 2026-07-30 00:43:30
============================================================

📜 เริ่ม scrape...
  ⬇️  scroll ผ่าน header เพื่อโหลดโพสต์...
    พบ 4 post cards + 4 comment articles
  รอบ 1/8: +0 โพสต์ +0 comment (รวม 0)
    พบ 4 post cards + 6 comment articles
  รอบ 2/8: +2 โพสต์ +0 comment (รวม 2)
    พบ 5 post cards + 7 comment articles
  รอบ 3/8: +0 โพสต์ +0 comment (รวม 2)
    พบ 4 post cards + 7 comment articles
  รอบ 4/8: +2 โพสต์ +0 comment (รวม 4)
    พบ 4 post cards + 6 comment articles
  รอบ 5/8: +3 โพสต์ +0 comment (รวม 7)
    พบ 5 post cards + 7 comment articles
  รอบ 6/8: +3 โพสต์ +0 comment (รวม 10)
    พบ 5 post cards + 4 comment articles
  รอบ 7/8: +2 โพสต์ +0 comment (รวม 12)
    พบ 8 post cards + 6 comment articles
  รอบ 8/8: +1 โพสต์ +0 comment (รวม 13)

📡 ส่ง 13 โพสต์ + 0 comment → SocialEye...
   ✓📝🖼x1[❤2] James Twc: ขอบคุณครับ…
   ✓📝🖼x5[❤2] Labx Poker: :
t
m ·
Not every hand that "can be played" must also l…
   ✓📝🖼x1[❤28] Ratchawut Chumpol: ขอพระเจ้าอวยพรให้ลูกช้างด้วย สิ่งศักดิ์สิทธิ์สิ่งศักดิ์…
   ✓📝[❤0] Tawan Hematurin: เข้ามาพูดคุยวิเคราเห์แฮนด์ด้วยกันได้ครับ
วันอาทิตย์ยากเ…
   ✓📝🖼x1[❤18] ต้นโลตัส ณ.บ้านดอน: เฟี้ยวจัด555…
  ⭐📝🖼x1[❤0] อรรถพล เด่นภูมิ: คืนวันพฤหัสนี้ เตรียมล่าค่าหัวกับ $8.88 BOUNTY WARM-UP …
   ✓📝🖼x1[❤10] Warakorn Thoothorn: หวานเจี๊ยบบบ
inffug9g5…
   ✓📝🖼x3[❤0] ต้นโลตัส ณ.บ้านดอน: หลบแบบเฟี้ยวๆ…
   ✓📝🖼x4[❤1] ต้นโลตัส ณ.บ้านดอน: แฮนด์บลัฟเกรียนๆ555 เพื่อนๆว่าเค้าจะคอลมั้ยริเวอ
4frt2a…
   ✓📝🖼x1[❤4] ต้นโลตัส ณ.บ้านดอน: จังหวะหมอบบอร์ดรันยังกับพระเจ้า เวลาคอลเหมือนผี
4frt2a6…
   ✓📝🖼x1[❤2] Labx Poker: จะเสี่ยงเก็บ Pot หรือรอจังหวะใหม่ดีคับ? # #Poker #Poker…
   ✓📝🖼x1[❤6] วศิน กษัตริย์: มีใครสนใจตั๋วนี้ไหมครับ ผมส่งไอดีให้ ผมไม่อยากเล่นตั๋วไ…
   ✓📝🖼x1[❤2] Narue Korkit: มี 17 เหรียญ เรท 550฿
GGครับ Neteller ใช้ไม่ได้ ขอปล่อย…
  → ส่งสำเร็จ 13/13 | keyword hits: 1

⏰ รอบต่อไป: 00:58:24  (ทุก 10 นาที) — กด Ctrl+C เพื่อหยุด

============================================================
🔄 รอบที่ 2 — 2026-07-30 00:58:24
============================================================

📜 เริ่ม scrape...
  ⬇️  scroll ผ่าน header เพื่อโหลดโพสต์...
    พบ 4 post cards + 4 comment articles
  รอบ 1/8: +0 โพสต์ +0 comment (รวม 0)
    พบ 5 post cards + 11 comment articles
  รอบ 2/8: +0 โพสต์ +0 comment (รวม 0)
    พบ 3 post cards + 4 comment articles
  รอบ 3/8: +0 โพสต์ +0 comment (รวม 0)
    พบ 6 post cards + 4 comment articles
  รอบ 4/8: +1 โพสต์ +0 comment (รวม 1)
    พบ 4 post cards + 5 comment articles
  รอบ 5/8: +0 โพสต์ +0 comment (รวม 1)
    พบ 6 post cards + 9 comment articles
  รอบ 6/8: +0 โพสต์ +0 comment (รวม 1)
    พบ 7 post cards + 11 comment articles
  รอบ 7/8: +1 โพสต์ +0 comment (รวม 2)
    พบ 9 post cards + 7 comment articles
  รอบ 8/8: +5 โพสต์ +0 comment (รวม 7)

📡 ส่ง 7 โพสต์ + 0 comment → SocialEye...
   ✓📝🖼x2[❤1] บุรุษคีรีรัฐ พิทัก: แย่วะ 555…
   ✓📝🖼x1[❤2] นายฮอส สุทธิรักษ์: มีดอลแบ่งขาย 80 เหรียญ เรท35 ผ่านกลาง Nattawat Ton T-GO…
   ✓📝🖼x2[❤2] Parnupat Bhochanuk: Parnupat Bhochanukoo
:
a
3
2
6 g
1
1 1 ·
เก่งไม่พอเอาที…
   ✓📝🖼x2[❤3] Jakkapan Sangprom: Parnupat Bhochanukoo
:
a
3
2
6 g
1
1 1 ·
เก่งไม่พอเอาที…
  ⭐📝[❤2] Wannayook Cholsara: ปิดฝากถอนอีกแบ้วจั๊ฟ…
   ✓📝[❤0] Time Chanin Peer: มีดอลครับ…
   ✓📝🖼x1[❤9] ต้นโลตัส ณ.บ้านดอน: ชิวๆไปอีกแฮนด์ครับเพื่อนๆ…
  → ส่งสำเร็จ 7/7 | keyword hits: 1

⏰ รอบต่อไป: 01:13:34  (ทุก 10 นาที) — กด Ctrl+C เพื่อหยุด

============================================================
🔄 รอบที่ 3 — 2026-07-30 01:13:34
============================================================

📜 เริ่ม scrape...
  ⬇️  scroll ผ่าน header เพื่อโหลดโพสต์...
    พบ 4 post cards + 4 comment articles
  รอบ 1/8: +0 โพสต์ +0 comment (รวม 0)
    พบ 5 post cards + 11 comment articles
  รอบ 2/8: +0 โพสต์ +0 comment (รวม 0)
    พบ 4 post cards + 5 comment articles
  รอบ 3/8: +1 โพสต์ +0 comment (รวม 1)
    พบ 4 post cards + 7 comment articles
  รอบ 4/8: +0 โพสต์ +0 comment (รวม 1)
    พบ 5 post cards + 10 comment articles
  รอบ 5/8: +4 โพสต์ +0 comment (รวม 5)
    พบ 4 post cards + 7 comment articles
  รอบ 6/8: +0 โพสต์ +0 comment (รวม 5)
    พบ 4 post cards + 8 comment articles
  รอบ 7/8: +0 โพสต์ +0 comment (รวม 5)
    พบ 4 post cards + 5 comment articles
  รอบ 8/8: +0 โพสต์ +0 comment (รวม 5)

📡 ส่ง 5 โพสต์ + 0 comment → SocialEye...
   ✓📝[❤1] Labx Poker: ALL-IN ทุกแฮนด์ จนคาสิโนแบนเขาทั้ง Las Vegas #MikkiMase…
   ✓📝🖼x2[❤6] Manothai Fhangkam: เป็นการตัดสินใจแบบนัก พนัน..เทยับ 5555 ผมแก้มือ ทัวร์นี…
  ⭐📝[❤12] Punyawat Banthaoth: xpokerth ฝากถอนไม่ได้มาหลายวันละ หรือว่าโดนรวบไปเเล้ว…
   ✓📝🖼x1[❤5] Dwngdee Ma rwy: เพื่อนๆคิดว่า แฮนนี้เขามีอะไรครับ มี2แพ หรือ ทอ๊ปแพ หรื…
   ✓📝🖼x1[❤22] Note Athitsaphat P: พี่เอา 85s มา 3 bet pre-flop ก็โดนไปดิ…
  → ส่งสำเร็จ 5/5 | keyword hits: 1

⏰ รอบต่อไป: 01:28:11  (ทุก 10 นาที) — กด Ctrl+C เพื่อหยุด

============================================================
🔄 รอบที่ 4 — 2026-07-30 01:28:11
============================================================

📜 เริ่ม scrape...
  ⬇️  scroll ผ่าน header เพื่อโหลดโพสต์...
    พบ 4 post cards + 4 comment articles
  รอบ 1/8: +0 โพสต์ +0 comment (รวม 0)
    พบ 5 post cards + 11 comment articles
  รอบ 2/8: +1 โพสต์ +0 comment (รวม 1)
    พบ 3 post cards + 2 comment articles
  รอบ 3/8: +0 โพสต์ +0 comment (รวม 1)
    พบ 5 post cards + 4 comment articles
  รอบ 4/8: +0 โพสต์ +0 comment (รวม 1)
    พบ 4 post cards + 6 comment articles
  รอบ 5/8: +0 โพสต์ +0 comment (รวม 1)
    พบ 6 post cards + 9 comment articles
  รอบ 6/8: +0 โพสต์ +0 comment (รวม 1)
    พบ 6 post cards + 8 comment articles
  รอบ 7/8: +1 โพสต์ +0 comment (รวม 2)
    พบ 8 post cards + 10 comment articles
  รอบ 8/8: +0 โพสต์ +0 comment (รวม 2)

📡 ส่ง 2 โพสต์ + 0 comment → SocialEye...
   ✓📝🖼x1[❤1] Dazy Wst: How to solve the problem, brother? The tour has already…
   ✓📝🖼x1[❤46] กระต่ายน้อย: หมอบใช่ไหมคับ รัสเซียค่อยข้างมั่ว แต่คอลไม่ลงจริง
actio…
  → ส่งสำเร็จ 2/2 | keyword hits: 0

⏰ รอบต่อไป: 01:43:12  (ทุก 10 นาที) — กด Ctrl+C เพื่อหยุด

============================================================
🔄 รอบที่ 5 — 2026-07-30 01:43:12
============================================================

📜 เริ่ม scrape...
  ⬇️  scroll ผ่าน header เพื่อโหลดโพสต์...
    พบ 4 post cards + 4 comment articles
  รอบ 1/8: +0 โพสต์ +0 comment (รวม 0)
    พบ 5 post cards + 11 comment articles
  รอบ 2/8: +0 โพสต์ +0 comment (รวม 0)
    พบ 3 post cards + 4 comment articles
  รอบ 3/8: +0 โพสต์ +0 comment (รวม 0)
    พบ 5 post cards + 6 comment articles
  รอบ 4/8: +0 โพสต์ +0 comment (รวม 0)
    พบ 4 post cards + 6 comment articles
  รอบ 5/8: +2 โพสต์ +0 comment (รวม 2)
    พบ 4 post cards + 6 comment articles
  รอบ 6/8: +0 โพสต์ +0 comment (รวม 2)
    พบ 5 post cards + 7 comment articles
  รอบ 7/8: +0 โพสต์ +0 comment (รวม 2)
    พบ 4 post cards + 4 comment articles
  รอบ 8/8: +1 โพสต์ +0 comment (รวม 3)

📡 ส่ง 3 โพสต์ + 0 comment → SocialEye...
  ⭐📝[❤6] Wissanu Danonghaw: n8 ยังฝากถอนได้ปกติไหมครับไม่ได้เล่นนานแล้วเบื่อๆวันนี้…
   ✓📝🖼x4[❤2] Sukkamon Kuramaroh: KK = คู่เก ครับ
hrcfl7…
   ✓📝🖼x1[❤26] Surasit: 1 แถม 2
Sdsrotonpe…
  → ส่งสำเร็จ 3/3 | keyword hits: 1

⏰ รอบต่อไป: 01:57:32  (ทุก 10 นาที) — กด Ctrl+C เพื่อหยุด

============================================================
🔄 รอบที่ 6 — 2026-07-30 01:57:32
============================================================

📜 เริ่ม scrape...
  ⬇️  scroll ผ่าน header เพื่อโหลดโพสต์...
    พบ 5 post cards + 6 comment articles
  รอบ 1/8: +2 โพสต์ +0 comment (รวม 2)
    พบ 5 post cards + 11 comment articles
  รอบ 2/8: +0 โพสต์ +0 comment (รวม 2)
    พบ 3 post cards + 4 comment articles
  รอบ 3/8: +0 โพสต์ +0 comment (รวม 2)
    พบ 5 post cards + 6 comment articles
  รอบ 4/8: +0 โพสต์ +0 comment (รวม 2)
    พบ 5 post cards + 7 comment articles
  รอบ 5/8: +0 โพสต์ +0 comment (รวม 2)
    พบ 6 post cards + 8 comment articles
  รอบ 6/8: +0 โพสต์ +0 comment (รวม 2)
    พบ 7 post cards + 8 comment articles
  ⚠️ JS eval: ElementHandle.evaluate: Connection closed while reading from the driver
  ⚠️ JS eval: ElementHandle.evaluate: Connection closed while reading from the driver
  ⚠️ JS eval: ElementHandle.evaluate: Connection closed while reading from the driver
  ⚠️ JS eval: ElementHandle.evaluate: Connection closed while reading from the driver
  ⚠️ JS eval: ElementHandle.evaluate: Connection closed while reading from the driver
  ⚠️ JS eval: ElementHandle.evaluate: Connection closed while reading from the driver
  ⚠️ JS eval: ElementHandle.evaluate: Connection closed while reading from the driver
  ⚠️ JS eval: ElementHandle.evaluate: Connection closed while reading from the driver
  ⚠️ JS eval: ElementHandle.evaluate: Connection closed while reading from the driver
  ⚠️ JS eval: ElementHandle.evaluate: Connection closed while reading from the driver
  ⚠️ JS eval: ElementHandle.evaluate: Connection closed while reading from the driver
  ⚠️ JS eval: ElementHandle.evaluate: Connection closed while reading from the driver
  ⚠️ JS eval: ElementHandle.evaluate: Connection closed while reading from the driver
  รอบ 7/8: +0 โพสต์ +0 comment (รวม 2)
  ⚠️ scroll error (ข้าม): Page.evaluate: Connection closed while reading from the driver

📡 ส่ง 2 โพสต์ + 0 comment → SocialEye...
   ✓📝🖼x1[❤8] คุณ สมบัติ: เปิดไพ่มาจบเลยแพ้แล้วโอกาสชนะ 5% กลับมาชนะเฉยซะง้องไปเล…
   ✓📝[❤0] Jakkapan Sangprom: Parnupat Bhochanukoo
posted to
โป๊กเกอร์ Community Thai…
  → ส่งสำเร็จ 2/2 | keyword hits: 0

⏰ รอบต่อไป: 02:11:15  (ทุก 10 นาที) — กด Ctrl+C เพื่อหยุด

============================================================
🔄 รอบที่ 7 — 2026-07-30 02:11:15
============================================================

💥 Scraper crash: Page.goto: Connection closed while reading from the driver
🔄 รีสตาร์ท browser ใน 15 วินาที...
📋 โพสต์ที่เคยเห็นแล้ว: 364 รายการ
📂 โหลด session จาก .fb_session.json
🌐 กำลังเปิด Facebook...
✅ Login อยู่แล้ว
💾 บันทึก session แล้ว

📁 กำลังเปิดกลุ่ม (chronological posts feed)...
📄 Page body (200 chars):  
Find friends
โป๊กเกอร์ Community Thailand
Private group
 
·
38.2K members
Manage
Community home
Overview
Admin tools
Admin Assist
0 actions, 0 criteria
Member requests
Group admin notification badge
✅ เข้ากลุ่มได้แล้ว — เริ่ม loop ทุก 60 นาที


============================================================
🔄 รอบที่ 1 — 2026-07-30 02:11:53
============================================================

📜 เริ่ม scrape...
  ⬇️  scroll ผ่าน header เพื่อโหลดโพสต์...
    พบ 5 post cards + 6 comment articles
  รอบ 1/8: +0 โพสต์ +0 comment (รวม 0)
    พบ 3 post cards + 8 comment articles
  รอบ 2/8: +0 โพสต์ +0 comment (รวม 0)
  ⚠️  Extract error: Page.query_selector: Connection closed while reading from the driver
  รอบ 3/8: +0 โพสต์ +0 comment (รวม 0)
  ⚠️ scroll error (ข้าม): Page.evaluate: Connection closed while reading from the driver
  ⚠️  ไม่พบข้อมูลใหม่รอบนี้

⏰ รอบต่อไป: 02:23:10  (ทุก 10 นาที) — กด Ctrl+C เพื่อหยุด

============================================================
🔄 รอบที่ 2 — 2026-07-30 02:23:10
============================================================

💥 Scraper crash: Page.goto: Connection closed while reading from the driver
🔄 รีสตาร์ท browser ใน 15 วินาที...
📋 โพสต์ที่เคยเห็นแล้ว: 364 รายการ
📂 โหลด session จาก .fb_session.json
🌐 กำลังเปิด Facebook...
✅ Login อยู่แล้ว
💾 บันทึก session แล้ว

📁 กำลังเปิดกลุ่ม (chronological posts feed)...
📄 Page body (200 chars):  
Find friends
โป๊กเกอร์ Community Thailand
Private group
 
·
38.2K members
Manage
Community home
Overview
Admin tools
Admin Assist
0 actions, 0 criteria
Member requests
Group admin notification badge
✅ เข้ากลุ่มได้แล้ว — เริ่ม loop ทุก 60 นาที


============================================================
🔄 รอบที่ 1 — 2026-07-30 02:23:48
============================================================

📜 เริ่ม scrape...
  ⬇️  scroll ผ่าน header เพื่อโหลดโพสต์...
    พบ 5 post cards + 6 comment articles
  รอบ 1/8: +0 โพสต์ +0 comment (รวม 0)
    พบ 3 post cards + 8 comment articles
  รอบ 2/8: +0 โพสต์ +0 comment (รวม 0)
    พบ 3 post cards + 5 comment articles
  รอบ 3/8: +0 โพสต์ +0 comment (รวม 0)
    พบ 5 post cards + 6 comment articles
  รอบ 4/8: +0 โพสต์ +0 comment (รวม 0)
    พบ 4 post cards + 6 comment articles
  รอบ 5/8: +0 โพสต์ +0 comment (รวม 0)
    พบ 5 post cards + 7 comment articles
  รอบ 6/8: +1 โพสต์ +0 comment (รวม 1)
    พบ 6 post cards + 5 comment articles
  รอบ 7/8: +2 โพสต์ +0 comment (รวม 3)
    พบ 7 post cards + 8 comment articles
  รอบ 8/8: +1 โพสต์ +0 comment (รวม 4)

📡 ส่ง 4 โพสต์ + 0 comment → SocialEye...
   ✓📝🖼x1[❤5] ต้นโลตัส ณ.บ้านดอน: เอาจริงจับบลัฟได้ป่าววะเพื่อนๆ…
  ⭐📝🖼x2[❤0] Tan Kanta: ฝากด้วยครับ เผื่อมีคนอยากร่วมไปด้วว ทัวร์ DAY2…
   ✓📝[❤7] Chollatid Samit: พี่ๆครับ แนะนำ วิธีเล่น/คิด ตอนเราเป็น Deep หน่อยครับ ผ…
   ✓📝🖼x1[❤9] ต้นโลตัส ณ.บ้านดอน: หวานเจี๊ยบ…
  → ส่งสำเร็จ 4/4 | keyword hits: 1

⏰ รอบต่อไป: 02:38:26  (ทุก 10 นาที) — กด Ctrl+C เพื่อหยุด

============================================================
🔄 รอบที่ 2 — 2026-07-30 02:38:26
============================================================

📜 เริ่ม scrape...
  ⬇️  scroll ผ่าน header เพื่อโหลดโพสต์...
    พบ 5 post cards + 6 comment articles
  รอบ 1/8: +0 โพสต์ +0 comment (รวม 0)
    พบ 5 post cards + 11 comment articles
  รอบ 2/8: +0 โพสต์ +0 comment (รวม 0)
    พบ 4 post cards + 6 comment articles
  รอบ 3/8: +0 โพสต์ +0 comment (รวม 0)
    พบ 3 post cards + 6 comment articles
  รอบ 4/8: +0 โพสต์ +0 comment (รวม 0)
    พบ 4 post cards + 7 comment articles
  รอบ 5/8: +0 โพสต์ +0 comment (รวม 0)
    พบ 3 post cards + 4 comment articles
  รอบ 6/8: +1 โพสต์ +0 comment (รวม 1)
    พบ 4 post cards + 4 comment articles
  รอบ 7/8: +0 โพสต์ +0 comment (รวม 1)
    พบ 4 post cards + 4 comment articles
  รอบ 8/8: +0 โพสต์ +0 comment (รวม 1)

📡 ส่ง 1 โพสต์ + 0 comment → SocialEye...
   ✓📝🖼x3[❤4] Parnupat Bhochanuk: ทำผลงานอีกเเล้ว
Parnupat Bhochanukoo
0
3
h
: ·…
  → ส่งสำเร็จ 1/1 | keyword hits: 0

⏰ รอบต่อไป: 02:53:01  (ทุก 10 นาที) — กด Ctrl+C เพื่อหยุด

============================================================
🔄 รอบที่ 3 — 2026-07-30 02:53:01
============================================================

📜 เริ่ม scrape...
  ⬇️  scroll ผ่าน header เพื่อโหลดโพสต์...
    พบ 5 post cards + 6 comment articles
  รอบ 1/8: +0 โพสต์ +0 comment (รวม 0)
    พบ 3 post cards + 8 comment articles
  รอบ 2/8: +0 โพสต์ +0 comment (รวม 0)
    พบ 4 post cards + 8 comment articles
  รอบ 3/8: +0 โพสต์ +0 comment (รวม 0)
    พบ 4 post cards + 4 comment articles
  รอบ 4/8: +0 โพสต์ +0 comment (รวม 0)
    พบ 3 post cards + 6 comment articles
  รอบ 5/8: +0 โพสต์ +0 comment (รวม 0)
    พบ 3 post cards + 6 comment articles
  รอบ 6/8: +0 โพสต์ +0 comment (รวม 0)
    พบ 5 post cards + 6 comment articles
  รอบ 7/8: +1 โพสต์ +0 comment (รวม 1)
    พบ 4 post cards + 6 comment articles
  รอบ 8/8: +0 โพสต์ +0 comment (รวม 1)

📡 ส่ง 1 โพสต์ + 0 comment → SocialEye...
  ⭐📝[❤0] Jrp Jirapong: หา100$ครับ ของn8…
  → ส่งสำเร็จ 1/1 | keyword hits: 1

⏰ รอบต่อไป: 03:07:15  (ทุก 10 นาที) — กด Ctrl+C เพื่อหยุด

============================================================
🔄 รอบที่ 4 — 2026-07-30 03:07:15
============================================================

📜 เริ่ม scrape...
  ⬇️  scroll ผ่าน header เพื่อโหลดโพสต์...
    พบ 5 post cards + 6 comment articles
  รอบ 1/8: +0 โพสต์ +0 comment (รวม 0)
    พบ 4 post cards + 6 comment articles
  รอบ 2/8: +3 โพสต์ +0 comment (รวม 3)
    พบ 5 post cards + 8 comment articles
  รอบ 3/8: +0 โพสต์ +0 comment (รวม 3)
    พบ 5 post cards + 10 comment articles
  รอบ 4/8: +0 โพสต์ +0 comment (รวม 3)
    พบ 5 post cards + 12 comment articles
  รอบ 5/8: +1 โพสต์ +0 comment (รวม 4)
    พบ 6 post cards + 9 comment articles
  รอบ 6/8: +0 โพสต์ +0 comment (รวม 4)
    พบ 7 post cards + 13 comment articles
  รอบ 7/8: +0 โพสต์ +0 comment (รวม 4)
    พบ 8 post cards + 11 comment articles
  รอบ 8/8: +0 โพสต์ +0 comment (รวม 4)

📡 ส่ง 4 โพสต์ + 0 comment → SocialEye...
   ✓📝🖼x2[❤31] Ponlapat Pongpeaw: ไปไม่ถึงแชมป์ไฟนอลแรก…
   ✓📝[❤2] Chayapol Summat: มีเหรียญปล่อย 250ดอลครับเรท35สนใจทักแชทได้เลยค้าบ…
   ✓📝🖼x1[❤1] ปะ ลอน: ขอความเห็นหน่อยครับ…
   ✓📝🖼x1[❤9] ต้นโลตัส ณ.บ้านดอน: เอาอีกแล้ว กุหมอบดีมั้ย ยังหลอนแฮนด์เมื่อวานอยู่เลย555…
  → ส่งสำเร็จ 4/4 | keyword hits: 0

⏰ รอบต่อไป: 03:23:30  (ทุก 10 นาที) — กด Ctrl+C เพื่อหยุด

============================================================
🔄 รอบที่ 5 — 2026-07-30 03:23:30
============================================================

📜 เริ่ม scrape...
  ⬇️  scroll ผ่าน header เพื่อโหลดโพสต์...
    พบ 5 post cards + 6 comment articles
  รอบ 1/8: +0 โพสต์ +0 comment (รวม 0)
    พบ 3 post cards + 8 comment articles
  รอบ 2/8: +0 โพสต์ +0 comment (รวม 0)
    พบ 3 post cards + 4 comment articles
  รอบ 3/8: +0 โพสต์ +0 comment (รวม 0)
    พบ 5 post cards + 7 comment articles
  รอบ 4/8: +0 โพสต์ +0 comment (รวม 0)
    พบ 6 post cards + 5 comment articles
  รอบ 5/8: +4 โพสต์ +0 comment (รวม 4)
    พบ 5 post cards + 6 comment articles
  รอบ 6/8: +3 โพสต์ +0 comment (รวม 7)
    พบ 4 post cards + 6 comment articles
  รอบ 7/8: +0 โพสต์ +0 comment (รวม 7)
    พบ 9 post cards + 9 comment articles
  รอบ 8/8: +0 โพสต์ +0 comment (รวม 7)

📡 ส่ง 7 โพสต์ + 0 comment → SocialEye...
   ✓📝🖼x1[❤6] Chollatid Samit: แฮนนี้ผมคิดว่า เค้าติด flush ผมคิดน้อย ไปไหมครับ
หรือ ม…
   ✓📝🖼x2[❤3] สรศักดิ์ จันทร์แก้: อันสุดท้ายนี่เหมือนแชมป์ฟรีเลย…
  ⭐📝[❤1] Chayapol Summat: ใครมีเหรียญ n8 แบ่งไหมครับ…
   ✓📝🖼x1[❤0] Warakorn Thoothorn: ครับโบร
5ii84u…
   ✓📝[❤0] Sirithida Lomah: ใครมีเหรียญแบ่งม้ายย ตอนนี้เลยย…
  ⭐📝🖼x1[❤8] Phanuwat Sakula: รับไม่ได้จริงๆครับ เกินไปป่าว N8…
   ✓📝🖼x1[❤4] บุรุษคีรีรัฐ พิทัก: oSoseptndr…
  → ส่งสำเร็จ 7/7 | keyword hits: 2

⏰ รอบต่อไป: 03:38:38  (ทุก 10 นาที) — กด Ctrl+C เพื่อหยุด

============================================================
🔄 รอบที่ 6 — 2026-07-30 03:38:38
============================================================

📜 เริ่ม scrape...
  ⬇️  scroll ผ่าน header เพื่อโหลดโพสต์...
    พบ 5 post cards + 6 comment articles
  รอบ 1/8: +0 โพสต์ +0 comment (รวม 0)
    พบ 5 post cards + 11 comment articles
  รอบ 2/8: +0 โพสต์ +0 comment (รวม 0)
    พบ 3 post cards + 4 comment articles
  รอบ 3/8: +0 โพสต์ +0 comment (รวม 0)
    พบ 4 post cards + 6 comment articles
  รอบ 4/8: +0 โพสต์ +0 comment (รวม 0)
    พบ 3 post cards + 6 comment articles
  รอบ 5/8: +0 โพสต์ +0 comment (รวม 0)
    พบ 5 post cards + 8 comment articles
  รอบ 6/8: +0 โพสต์ +0 comment (รวม 0)
    พบ 5 post cards + 9 comment articles
  รอบ 7/8: +0 โพสต์ +0 comment (รวม 0)
    พบ 5 post cards + 6 comment articles
  รอบ 8/8: +0 โพสต์ +0 comment (รวม 0)
  ⚠️  ไม่พบข้อมูลใหม่รอบนี้

⏰ รอบต่อไป: 03:53:28  (ทุก 10 นาที) — กด Ctrl+C เพื่อหยุด

============================================================
🔄 รอบที่ 7 — 2026-07-30 03:53:28
============================================================

📜 เริ่ม scrape...
  ⬇️  scroll ผ่าน header เพื่อโหลดโพสต์...
    พบ 5 post cards + 6 comment articles
  รอบ 1/8: +0 โพสต์ +0 comment (รวม 0)
    พบ 5 post cards + 11 comment articles
  รอบ 2/8: +0 โพสต์ +0 comment (รวม 0)
    พบ 3 post cards + 4 comment articles
  รอบ 3/8: +0 โพสต์ +0 comment (รวม 0)
    พบ 4 post cards + 6 comment articles
  รอบ 4/8: +0 โพสต์ +0 comment (รวม 0)
    พบ 4 post cards + 8 comment articles
  รอบ 5/8: +0 โพสต์ +0 comment (รวม 0)
    พบ 6 post cards + 11 comment articles
  รอบ 6/8: +0 โพสต์ +0 comment (รวม 0)
    พบ 5 post cards + 9 comment articles
  รอบ 7/8: +0 โพสต์ +0 comment (รวม 0)
    พบ 5 post cards + 6 comment articles
  รอบ 8/8: +0 โพสต์ +0 comment (รวม 0)
  ⚠️  ไม่พบข้อมูลใหม่รอบนี้

⏰ รอบต่อไป: 04:08:25  (ทุก 10 นาที) — กด Ctrl+C เพื่อหยุด

============================================================
🔄 รอบที่ 8 — 2026-07-30 04:08:25
============================================================

📜 เริ่ม scrape...
  ⬇️  scroll ผ่าน header เพื่อโหลดโพสต์...
    พบ 5 post cards + 6 comment articles
  รอบ 1/8: +0 โพสต์ +0 comment (รวม 0)
    พบ 3 post cards + 6 comment articles
  รอบ 2/8: +1 โพสต์ +0 comment (รวม 1)
    พบ 3 post cards + 5 comment articles
  รอบ 3/8: +0 โพสต์ +0 comment (รวม 1)
    พบ 4 post cards + 7 comment articles
  รอบ 4/8: +0 โพสต์ +0 comment (รวม 1)
    พบ 6 post cards + 4 comment articles
  รอบ 5/8: +0 โพสต์ +0 comment (รวม 1)
    พบ 5 post cards + 9 comment articles
  รอบ 6/8: +0 โพสต์ +0 comment (รวม 1)
    พบ 4 post cards + 7 comment articles
  รอบ 7/8: +0 โพสต์ +0 comment (รวม 1)
    พบ 4 post cards + 4 comment articles
  รอบ 8/8: +0 โพสต์ +0 comment (รวม 1)

📡 ส่ง 1 โพสต์ + 0 comment → SocialEye...
   ✓📝🖼x1[❤16] ไมค์ ฮาเวล: ถ้าเจอKT ใครชนะคับ5555…
  → ส่งสำเร็จ 1/1 | keyword hits: 0

⏰ รอบต่อไป: 04:22:37  (ทุก 10 นาที) — กด Ctrl+C เพื่อหยุด

============================================================
🔄 รอบที่ 9 — 2026-07-30 04:22:37
============================================================

📜 เริ่ม scrape...
  ⬇️  scroll ผ่าน header เพื่อโหลดโพสต์...
    พบ 5 post cards + 6 comment articles
  รอบ 1/8: +0 โพสต์ +0 comment (รวม 0)
    พบ 3 post cards + 8 comment articles
  รอบ 2/8: +0 โพสต์ +0 comment (รวม 0)
    พบ 3 post cards + 5 comment articles
  รอบ 3/8: +0 โพสต์ +0 comment (รวม 0)
    พบ 5 post cards + 7 comment articles
  รอบ 4/8: +0 โพสต์ +0 comment (รวม 0)
    พบ 5 post cards + 7 comment articles
  รอบ 5/8: +0 โพสต์ +0 comment (รวม 0)
    พบ 6 post cards + 8 comment articles
  รอบ 6/8: +0 โพสต์ +0 comment (รวม 0)
    พบ 7 post cards + 8 comment articles
  รอบ 7/8: +0 โพสต์ +0 comment (รวม 0)
    พบ 6 post cards + 8 comment articles
  รอบ 8/8: +0 โพสต์ +0 comment (รวม 0)
  ⚠️  ไม่พบข้อมูลใหม่รอบนี้

⏰ รอบต่อไป: 04:37:40  (ทุก 10 นาที) — กด Ctrl+C เพื่อหยุด

============================================================
🔄 รอบที่ 10 — 2026-07-30 04:37:40
============================================================

📜 เริ่ม scrape...
  ⬇️  scroll ผ่าน header เพื่อโหลดโพสต์...
    พบ 5 post cards + 6 comment articles
  รอบ 1/8: +0 โพสต์ +0 comment (รวม 0)
    พบ 5 post cards + 11 comment articles
  รอบ 2/8: +0 โพสต์ +0 comment (รวม 0)
    พบ 4 post cards + 6 comment articles
  รอบ 3/8: +0 โพสต์ +0 comment (รวม 0)
    พบ 3 post cards + 5 comment articles
  รอบ 4/8: +0 โพสต์ +0 comment (รวม 0)
    พบ 5 post cards + 10 comment articles
  รอบ 5/8: +0 โพสต์ +0 comment (รวม 0)
    พบ 4 post cards + 5 comment articles
  รอบ 6/8: +3 โพสต์ +0 comment (รวม 3)
    พบ 5 post cards + 7 comment articles
  รอบ 7/8: +2 โพสต์ +0 comment (รวม 5)
    พบ 6 post cards + 5 comment articles
  รอบ 8/8: +0 โพสต์ +0 comment (รวม 5)

📡 ส่ง 5 โพสต์ + 0 comment → SocialEye...
  ⭐📝🖼x1[❤5] DKYT: EP4 มาแล้วค้าบ มาช้าแต่ยังมาอยู่นะ ฝากไปอ่านตอนเข้าห้อง…
  ⭐📝🖼x1[❤10] Ampol Thoedrit: แอพ coinpoker ถอนเงินได้จริงไหมครับ…
   ✓📝🖼x3[❤1] Parnupat Bhochanuk: Parnupat Bhochanukoo
MyGamble ทำผลงานก่อนนอนค้าบบบ…
   ✓📝🖼x1[❤1] Napath Sridanoi: ขออนุญาต แบ่ง 100 ดอลครับ เรท 35 เหมาๆ ให้เรท 34 ครับ
!…
   ✓📝🖼x3[❤0] เต้า ลัคกี้แมน: ปล่อยต่อครับ เสนอมาครับ
#โอนก่อนทุกกรณี
#ไม่สะดวกก่อนผ่…
  → ส่งสำเร็จ 5/5 | keyword hits: 2

⏰ รอบต่อไป: 04:52:27  (ทุก 10 นาที) — กด Ctrl+C เพื่อหยุด

============================================================
🔄 รอบที่ 11 — 2026-07-30 04:52:27
============================================================

📜 เริ่ม scrape...
  ⬇️  scroll ผ่าน header เพื่อโหลดโพสต์...
    พบ 5 post cards + 6 comment articles
  รอบ 1/8: +0 โพสต์ +0 comment (รวม 0)
    พบ 4 post cards + 6 comment articles
  รอบ 2/8: +0 โพสต์ +0 comment (รวม 0)
    พบ 4 post cards + 6 comment articles
  รอบ 3/8: +0 โพสต์ +0 comment (รวม 0)
    พบ 4 post cards + 8 comment articles
  รอบ 4/8: +0 โพสต์ +0 comment (รวม 0)
    พบ 4 post cards + 8 comment articles
  รอบ 5/8: +2 โพสต์ +0 comment (รวม 2)
    พบ 6 post cards + 6 comment articles
  รอบ 6/8: +1 โพสต์ +0 comment (รวม 3)
    พบ 6 post cards + 10 comment articles
  รอบ 7/8: +0 โพสต์ +0 comment (รวม 3)
    พบ 6 post cards + 6 comment articles
  รอบ 8/8: +0 โพสต์ +0 comment (รวม 3)

📡 ส่ง 3 โพสต์ + 0 comment → SocialEye...
   ✓📝🖼x1[❤2] GoodLuck2US: ขออนุญาตแอดมินครับ
มีหุ้นมาขายครับ เผื่อมีคนสนใจนะครับ …
   ✓📝🖼x2[❤14] อบุซะมะห์ มูฮัมหมั: ขออนุญาตครับคอลได้มั้ยครับตรงนี้ เล่นผิดมั้ยครับ
3argeh…
   ✓📝🖼x1[❤1] Dave Gambit: ล่าหัวคืนนี้…
  → ส่งสำเร็จ 3/3 | keyword hits: 0

⏰ รอบต่อไป: 05:07:23  (ทุก 10 นาที) — กด Ctrl+C เพื่อหยุด

============================================================
🔄 รอบที่ 12 — 2026-07-30 05:07:23
============================================================

📜 เริ่ม scrape...
  ⬇️  scroll ผ่าน header เพื่อโหลดโพสต์...
    พบ 5 post cards + 6 comment articles
  รอบ 1/8: +0 โพสต์ +0 comment (รวม 0)
    พบ 4 post cards + 6 comment articles
  รอบ 2/8: +0 โพสต์ +0 comment (รวม 0)
    พบ 4 post cards + 9 comment articles
  รอบ 3/8: +1 โพสต์ +0 comment (รวม 1)
    พบ 4 post cards + 10 comment articles
  รอบ 4/8: +1 โพสต์ +0 comment (รวม 2)
    พบ 6 post cards + 12 comment articles
  รอบ 5/8: +1 โพสต์ +0 comment (รวม 3)
    พบ 5 post cards + 9 comment articles
  รอบ 6/8: +0 โพสต์ +0 comment (รวม 3)
    พบ 6 post cards + 11 comment articles
  รอบ 7/8: +0 โพสต์ +0 comment (รวม 3)
    พบ 7 post cards + 9 comment articles
  รอบ 8/8: +2 โพสต์ +0 comment (รวม 5)

📡 ส่ง 5 โพสต์ + 0 comment → SocialEye...
   ✓📝🖼x1[❤65] New Pratumthong: ขอสักเดือนละครั้งก็พอ…
   ✓📝🖼x1[❤140] Nonthawat: Running hot!!!…
   ✓📝[❤8] Parnupat Bhochanuk: เช้าๆ มีคนตื่นยัง
This content isn't available at the m…
   ✓📝🖼x3[❤2] Ton Wong-ngam: ลากมาโดน แฮนสุดท้าย
2 แฮนก่อนหน้าถ้าสู้ มีแนวโน้ม แพ้คู…
   ✓📝🖼x1[❤8] ภานุพงศ์ กมลเศรษฐ์: เชื่อแล้วครับว่าอวยดีพจริง 555…
  → ส่งสำเร็จ 5/5 | keyword hits: 0

⏰ รอบต่อไป: 05:23:09  (ทุก 10 นาที) — กด Ctrl+C เพื่อหยุด

============================================================
🔄 รอบที่ 13 — 2026-07-30 05:23:09
============================================================

📜 เริ่ม scrape...
  ⬇️  scroll ผ่าน header เพื่อโหลดโพสต์...
    พบ 4 post cards + 5 comment articles
  รอบ 1/8: +1 โพสต์ +0 comment (รวม 1)
    พบ 4 post cards + 6 comment articles
  รอบ 2/8: +0 โพสต์ +0 comment (รวม 1)
    พบ 5 post cards + 7 comment articles
  รอบ 3/8: +0 โพสต์ +0 comment (รวม 1)
    พบ 5 post cards + 9 comment articles
  รอบ 4/8: +0 โพสต์ +0 comment (รวม 1)
    พบ 5 post cards + 11 comment articles
  รอบ 5/8: +0 โพสต์ +0 comment (รวม 1)
    พบ 6 post cards + 7 comment articles
  รอบ 6/8: +1 โพสต์ +0 comment (รวม 2)
    พบ 6 post cards + 9 comment articles
  รอบ 7/8: +0 โพสต์ +0 comment (รวม 2)
    พบ 5 post cards + 8 comment articles
  รอบ 8/8: +1 โพสต์ +0 comment (รวม 3)

📡 ส่ง 3 โพสต์ + 0 comment → SocialEye...
   ✓📝🖼x1[❤4] ปรัชญา วัดน้อย: รวมมิตร KK บางทีก็เบื่อเหมือนกันนะ ขยันเจอ AA
16a6u9…
   ✓📝🖼x3[❤5] Jakkapan Sangprom: มาร์คอัพยิ่งแพงยิ่งซื้อไม่รู้เฮียเป็นไร
Parnupat Bhocha…
   ✓📝🖼x2[❤7] Sirisak Morthaison: 2แฮนติดกันยั่วๆ ช่วงบับเบิ้ล เหมือนผู้ถูกเลือก…
  → ส่งสำเร็จ 3/3 | keyword hits: 0

⏰ รอบต่อไป: 05:39:03  (ทุก 10 นาที) — กด Ctrl+C เพื่อหยุด

============================================================
🔄 รอบที่ 14 — 2026-07-30 05:39:03
============================================================

📜 เริ่ม scrape...
  ⬇️  scroll ผ่าน header เพื่อโหลดโพสต์...
    พบ 4 post cards + 5 comment articles
  รอบ 1/8: +0 โพสต์ +0 comment (รวม 0)
    พบ 4 post cards + 6 comment articles
  รอบ 2/8: +0 โพสต์ +0 comment (รวม 0)
    พบ 5 post cards + 8 comment articles
  รอบ 3/8: +0 โพสต์ +0 comment (รวม 0)
    พบ 4 post cards + 8 comment articles
  รอบ 4/8: +0 โพสต์ +0 comment (รวม 0)
    พบ 6 post cards + 13 comment articles
  รอบ 5/8: +1 โพสต์ +0 comment (รวม 1)
    พบ 6 post cards + 9 comment articles
  รอบ 6/8: +0 โพสต์ +0 comment (รวม 1)
    พบ 8 post cards + 11 comment articles
  รอบ 7/8: +0 โพสต์ +0 comment (รวม 1)
    พบ 7 post cards + 11 comment articles
  รอบ 8/8: +0 โพสต์ +0 comment (รวม 1)

📡 ส่ง 1 โพสต์ + 0 comment → SocialEye...
   ✓📝🖼x1[❤9] Warakorn Thoothorn: Kk ไงหนูไม่คุ้นหูหน่อยหรอ (ผมผิดอะไร๊)…
  → ส่งสำเร็จ 1/1 | keyword hits: 0

⏰ รอบต่อไป: 05:54:57  (ทุก 10 นาที) — กด Ctrl+C เพื่อหยุด

============================================================
🔄 รอบที่ 15 — 2026-07-30 09:30:24
============================================================
📋 โพสต์ที่เคยเห็นแล้ว: 399 รายการ
📂 โหลด session จาก .fb_session.json
🌐 กำลังเปิด Facebook...
✅ Login อยู่แล้ว
💾 บันทึก session แล้ว

📁 กำลังเปิดกลุ่ม (chronological posts feed)...
📄 Page body (200 chars):  
Find friends
Number of unread notifications
12
โป๊กเกอร์ Community Thailand
Private group
 
·
38.2K members
Manage
Community home
Overview
Admin tools
Admin Assist
0 actions, 0 criteria
Member reque
✅ เข้ากลุ่มได้แล้ว — เริ่ม loop ทุก 60 นาที


============================================================
🔄 รอบที่ 1 — 2026-07-31 11:33:09
============================================================

📜 เริ่ม scrape...
  ⬇️  scroll ผ่าน header เพื่อโหลดโพสต์...
    พบ 4 post cards + 5 comment articles
  รอบ 1/8: +4 โพสต์ +0 comment (รวม 4)
    พบ 6 post cards + 6 comment articles
  รอบ 2/8: +0 โพสต์ +0 comment (รวม 4)
    พบ 4 post cards + 8 comment articles
  รอบ 3/8: +0 โพสต์ +0 comment (รวม 4)
    พบ 4 post cards + 4 comment articles
  รอบ 4/8: +0 โพสต์ +0 comment (รวม 4)
    พบ 6 post cards + 7 comment articles
  รอบ 5/8: +0 โพสต์ +0 comment (รวม 4)
    พบ 6 post cards + 7 comment articles
  รอบ 6/8: +0 โพสต์ +0 comment (รวม 4)
    พบ 8 post cards + 10 comment articles
  รอบ 7/8: +2 โพสต์ +0 comment (รวม 6)
    พบ 10 post cards + 8 comment articles
  รอบ 8/8: +0 โพสต์ +0 comment (รวม 6)

📡 ส่ง 6 โพสต์ + 0 comment → SocialEye...
   ✓📝🖼x1[❤23] Fiat Fiat: ทุนน้อยก็เล่นทัวเล็กหวังbig winกับเขาบ้าง ขอให้รันกู้ดด…
  ⭐📝🖼x1[❤3] สุเมตร คำอาจ: ประกาศ แจ้งกำหนดการบำรุงรักษาระบบล่วงหน้า วันศุกร์ ที่ …
  ⭐📝[❤7] Punyawat Banthaoth: xpokerth ปิดมา12วันละ เเม้งไม่เเจ้งสาเหตุอะไรเลย…
   ✓📝🖼x1[❤4] คนป่า คนดอย.: นานๆที ถึงจะมีโมเมนต์แบบนี้
o͏S͏p͏n͏d͏e͏s͏r͏t͏o͏i͏7͏c͏5…
   ✓📝🖼x2[❤143] รัชพล หัทยานนท์: d͏S͏p͏r͏s͏o͏o͏n͏e͏t͏4͏5͏M͏0͏7͏a͏3͏0͏a͏8͏9͏i͏e͏a͏u͏5͏a͏r…
  ⭐📝🖼x5[❤44] กฤษณพล โรจน์วิเชีย: สวัสดีครับ ฝากผลงานเล็กๆของผมด้วยนะครับ ผมกำลังฝึกเล่นอ…
  → ส่งสำเร็จ 6/6 | keyword hits: 3

⏰ รอบต่อไป: 11:49:34  (ทุก 10 นาที) — กด Ctrl+C เพื่อหยุด

============================================================
🔄 รอบที่ 2 — 2026-07-31 11:49:34
============================================================

📜 เริ่ม scrape...
  ⬇️  scroll ผ่าน header เพื่อโหลดโพสต์...
    พบ 4 post cards + 5 comment articles
  รอบ 1/8: +0 โพสต์ +0 comment (รวม 0)
    พบ 5 post cards + 5 comment articles
  รอบ 2/8: +1 โพสต์ +0 comment (รวม 1)
    พบ 5 post cards + 6 comment articles
  รอบ 3/8: +1 โพสต์ +0 comment (รวม 2)
    พบ 5 post cards + 9 comment articles
  รอบ 4/8: +0 โพสต์ +0 comment (รวม 2)
    พบ 5 post cards + 10 comment articles
  รอบ 5/8: +0 โพสต์ +0 comment (รวม 2)
    พบ 6 post cards + 11 comment articles
  รอบ 6/8: +0 โพสต์ +0 comment (รวม 2)
    พบ 6 post cards + 9 comment articles
  รอบ 7/8: +0 โพสต์ +0 comment (รวม 2)
    พบ 8 post cards + 11 comment articles
  รอบ 8/8: +0 โพสต์ +0 comment (รวม 2)

📡 ส่ง 2 โพสต์ + 0 comment → SocialEye...
  ⭐📝🖼x1[❤2] ต้อม อรรถพล บรบือ: N8สุดจริง
d͏r͏n͏s͏t͏o͏e͏o͏p͏S͏1͏a͏7͏r͏e͏u͏ ͏8͏t͏m͏e͏a͏o…
   ✓📝🖼x2[❤4] ธาม ไม่กินเผ็ด: ทำเขาไว้เยอะ
e͏o͏s͏n͏t͏d͏S͏p͏o͏r͏3͏l͏u͏4͏5͏7͏8͏2͏n͏3͏i͏…
  → ส่งสำเร็จ 2/2 | keyword hits: 1

⏰ รอบต่อไป: 12:05:32  (ทุก 10 นาที) — กด Ctrl+C เพื่อหยุด

============================================================
🔄 รอบที่ 3 — 2026-07-31 12:05:32
============================================================

💥 Scraper crash: Page.goto: Connection closed while reading from the driver
🔄 รีสตาร์ท browser ใน 15 วินาที...
📋 โพสต์ที่เคยเห็นแล้ว: 407 รายการ
📂 โหลด session จาก .fb_session.json
🌐 กำลังเปิด Facebook...
✅ Login อยู่แล้ว
💾 บันทึก session แล้ว

📁 กำลังเปิดกลุ่ม (chronological posts feed)...
📄 Page body (200 chars):  
Find friends
Number of unread notifications
12
โป๊กเกอร์ Community Thailand
Private group
 
·
38.2K members
Manage
Community home
Overview
Admin tools
Admin Assist
0 actions, 0 criteria
Member reque
✅ เข้ากลุ่มได้แล้ว — เริ่ม loop ทุก 60 นาที


============================================================
🔄 รอบที่ 1 — 2026-07-31 12:06:07
============================================================

📜 เริ่ม scrape...
  ⬇️  scroll ผ่าน header เพื่อโหลดโพสต์...
    พบ 4 post cards + 5 comment articles
  รอบ 1/8: +0 โพสต์ +0 comment (รวม 0)
    พบ 5 post cards + 5 comment articles
  รอบ 2/8: +0 โพสต์ +0 comment (รวม 0)
    พบ 5 post cards + 8 comment articles
  รอบ 3/8: +0 โพสต์ +0 comment (รวม 0)
    พบ 4 post cards + 4 comment articles
  รอบ 4/8: +0 โพสต์ +0 comment (รวม 0)
    พบ 5 post cards + 6 comment articles
  รอบ 5/8: +0 โพสต์ +0 comment (รวม 0)
    พบ 5 post cards + 7 comment articles
  รอบ 6/8: +0 โพสต์ +0 comment (รวม 0)
    พบ 6 post cards + 8 comment articles
  รอบ 7/8: +0 โพสต์ +0 comment (รวม 0)
    พบ 7 post cards + 8 comment articles
  รอบ 8/8: +0 โพสต์ +0 comment (รวม 0)
  ⚠️  ไม่พบข้อมูลใหม่รอบนี้

⏰ รอบต่อไป: 12:21:06  (ทุก 10 นาที) — กด Ctrl+C เพื่อหยุด

============================================================
🔄 รอบที่ 2 — 2026-07-31 12:21:06
============================================================

📜 เริ่ม scrape...
  ⬇️  scroll ผ่าน header เพื่อโหลดโพสต์...
    พบ 4 post cards + 5 comment articles
  รอบ 1/8: +0 โพสต์ +0 comment (รวม 0)
    พบ 5 post cards + 5 comment articles
  รอบ 2/8: +0 โพสต์ +0 comment (รวม 0)
    พบ 4 post cards + 4 comment articles
  รอบ 3/8: +0 โพสต์ +0 comment (รวม 0)
    พบ 6 post cards + 8 comment articles
  รอบ 4/8: +0 โพสต์ +0 comment (รวม 0)
    พบ 5 post cards + 8 comment articles
  รอบ 5/8: +0 โพสต์ +0 comment (รวม 0)
    พบ 5 post cards + 8 comment articles
  รอบ 6/8: +0 โพสต์ +0 comment (รวม 0)
    พบ 7 post cards + 8 comment articles
  รอบ 7/8: +0 โพสต์ +0 comment (รวม 0)
    พบ 8 post cards + 10 comment articles
  รอบ 8/8: +0 โพสต์ +0 comment (รวม 0)
  ⚠️  ไม่พบข้อมูลใหม่รอบนี้

⏰ รอบต่อไป: 12:36:34  (ทุก 10 นาที) — กด Ctrl+C เพื่อหยุด

============================================================
🔄 รอบที่ 3 — 2026-07-31 12:36:34
============================================================

📜 เริ่ม scrape...
  ⬇️  scroll ผ่าน header เพื่อโหลดโพสต์...
    พบ 3 post cards + 4 comment articles
  รอบ 1/8: +1 โพสต์ +0 comment (รวม 1)
    พบ 5 post cards + 7 comment articles
  รอบ 2/8: +0 โพสต์ +0 comment (รวม 1)
    พบ 6 post cards + 8 comment articles
  รอบ 3/8: +0 โพสต์ +0 comment (รวม 1)
    พบ 7 post cards + 10 comment articles
  รอบ 4/8: +0 โพสต์ +0 comment (รวม 1)
    พบ 6 post cards + 10 comment articles
  รอบ 5/8: +0 โพสต์ +0 comment (รวม 1)
    พบ 6 post cards + 10 comment articles
  รอบ 6/8: +0 โพสต์ +0 comment (รวม 1)
    พบ 7 post cards + 8 comment articles
  รอบ 7/8: +0 โพสต์ +0 comment (รวม 1)
    พบ 8 post cards + 12 comment articles
  รอบ 8/8: +0 โพสต์ +0 comment (รวม 1)

📡 ส่ง 1 โพสต์ + 0 comment → SocialEye...
  ⭐📝🖼x1[❤19] Warakorn Thoothorn: เค้าบอกp2pจะโดนรเงับการถอน...?
เรื่องมีอยู่ว่า ซื้อชิปค…
  → ส่งสำเร็จ 1/1 | keyword hits: 1

⏰ รอบต่อไป: 12:52:37  (ทุก 10 นาที) — กด Ctrl+C เพื่อหยุด

============================================================
🔄 รอบที่ 4 — 2026-07-31 12:52:37
============================================================

📜 เริ่ม scrape...
  ⬇️  scroll ผ่าน header เพื่อโหลดโพสต์...
    พบ 3 post cards + 4 comment articles
  รอบ 1/8: +0 โพสต์ +0 comment (รวม 0)
    พบ 5 post cards + 7 comment articles
  รอบ 2/8: +0 โพสต์ +0 comment (รวม 0)
    พบ 5 post cards + 8 comment articles
  รอบ 3/8: +0 โพสต์ +0 comment (รวม 0)
    พบ 7 post cards + 10 comment articles
  รอบ 4/8: +0 โพสต์ +0 comment (รวม 0)
    พบ 6 post cards + 9 comment articles
  รอบ 5/8: +0 โพสต์ +0 comment (รวม 0)
    พบ 7 post cards + 13 comment articles
  รอบ 6/8: +0 โพสต์ +0 comment (รวม 0)
    พบ 7 post cards + 9 comment articles
  รอบ 7/8: +0 โพสต์ +0 comment (รวม 0)
    พบ 10 post cards + 14 comment articles
  รอบ 8/8: +0 โพสต์ +0 comment (รวม 0)
  ⚠️  ไม่พบข้อมูลใหม่รอบนี้

⏰ รอบต่อไป: 13:09:18  (ทุก 10 นาที) — กด Ctrl+C เพื่อหยุด

============================================================
🔄 รอบที่ 5 — 2026-07-31 13:09:18
============================================================

📜 เริ่ม scrape...
  ⬇️  scroll ผ่าน header เพื่อโหลดโพสต์...
    พบ 3 post cards + 4 comment articles
  รอบ 1/8: +0 โพสต์ +0 comment (รวม 0)
    พบ 5 post cards + 7 comment articles
  รอบ 2/8: +0 โพสต์ +0 comment (รวม 0)
    พบ 6 post cards + 10 comment articles
  รอบ 3/8: +0 โพสต์ +0 comment (รวม 0)
    พบ 6 post cards + 8 comment articles
  รอบ 4/8: +0 โพสต์ +0 comment (รวม 0)
    พบ 7 post cards + 10 comment articles
  รอบ 5/8: +0 โพสต์ +0 comment (รวม 0)
    พบ 6 post cards + 10 comment articles
  รอบ 6/8: +0 โพสต์ +0 comment (รวม 0)
    พบ 6 post cards + 10 comment articles
  รอบ 7/8: +0 โพสต์ +0 comment (รวม 0)
    พบ 7 post cards + 10 comment articles
  รอบ 8/8: +0 โพสต์ +0 comment (รวม 0)
  ⚠️  ไม่พบข้อมูลใหม่รอบนี้

⏰ รอบต่อไป: 13:25:21  (ทุก 10 นาที) — กด Ctrl+C เพื่อหยุด

============================================================
🔄 รอบที่ 6 — 2026-07-31 13:25:21
============================================================

📜 เริ่ม scrape...
  ⬇️  scroll ผ่าน header เพื่อโหลดโพสต์...
    พบ 3 post cards + 4 comment articles
  รอบ 1/8: +0 โพสต์ +0 comment (รวม 0)
    พบ 6 post cards + 9 comment articles
  รอบ 2/8: +0 โพสต์ +0 comment (รวม 0)
    พบ 6 post cards + 10 comment articles
  รอบ 3/8: +0 โพสต์ +0 comment (รวม 0)
    พบ 7 post cards + 10 comment articles
  รอบ 4/8: +0 โพสต์ +0 comment (รวม 0)
    พบ 6 post cards + 11 comment articles
  รอบ 5/8: +0 โพสต์ +0 comment (รวม 0)
    พบ 8 post cards + 15 comment articles
  รอบ 6/8: +0 โพสต์ +0 comment (รวม 0)
    พบ 8 post cards + 11 comment articles
  รอบ 7/8: +0 โพสต์ +0 comment (รวม 0)
    พบ 10 post cards + 13 comment articles
  รอบ 8/8: +0 โพสต์ +0 comment (รวม 0)
  ⚠️  ไม่พบข้อมูลใหม่รอบนี้

⏰ รอบต่อไป: 13:42:27  (ทุก 10 นาที) — กด Ctrl+C เพื่อหยุด

============================================================
🔄 รอบที่ 7 — 2026-07-31 13:42:27
============================================================

💥 Scraper crash: Page.goto: Connection closed while reading from the driver
🔄 รีสตาร์ท browser ใน 15 วินาที...
📋 โพสต์ที่เคยเห็นแล้ว: 408 รายการ
📂 โหลด session จาก .fb_session.json
🌐 กำลังเปิด Facebook...
✅ Login อยู่แล้ว
💾 บันทึก session แล้ว

📁 กำลังเปิดกลุ่ม (chronological posts feed)...
📄 Page body (200 chars):  
Find friends
Number of unread notifications
1
โป๊กเกอร์ Community Thailand
Private group
 
·
38.2K members
Manage
Community home
Overview
Admin tools
Admin Assist
0 actions, 0 criteria
Member reques
✅ เข้ากลุ่มได้แล้ว — เริ่ม loop ทุก 60 นาที


============================================================
🔄 รอบที่ 1 — 2026-07-31 13:43:00
============================================================

📜 เริ่ม scrape...
  ⬇️  scroll ผ่าน header เพื่อโหลดโพสต์...
    พบ 3 post cards + 4 comment articles
  รอบ 1/8: +0 โพสต์ +0 comment (รวม 0)
    พบ 5 post cards + 7 comment articles
  รอบ 2/8: +0 โพสต์ +0 comment (รวม 0)
    พบ 6 post cards + 10 comment articles
  รอบ 3/8: +0 โพสต์ +0 comment (รวม 0)
    พบ 7 post cards + 10 comment articles
  รอบ 4/8: +0 โพสต์ +0 comment (รวม 0)
    พบ 6 post cards + 9 comment articles
  รอบ 5/8: +0 โพสต์ +0 comment (รวม 0)
    พบ 6 post cards + 10 comment articles
  รอบ 6/8: +0 โพสต์ +0 comment (รวม 0)
    พบ 8 post cards + 10 comment articles
  รอบ 7/8: +0 โพสต์ +0 comment (รวม 0)
    พบ 10 post cards + 13 comment articles
  ⚠️ JS eval: ElementHandle.evaluate: Connection closed while reading from the driver
  ⚠️ JS eval: ElementHandle.evaluate: Connection closed while reading from the driver
  ⚠️ JS eval: ElementHandle.evaluate: Connection closed while reading from the driver
  ⚠️ JS eval: ElementHandle.evaluate: Connection closed while reading from the driver
  ⚠️ JS eval: ElementHandle.evaluate: Connection closed while reading from the driver
  ⚠️ JS eval: ElementHandle.evaluate: Connection closed while reading from the driver
  ⚠️ JS eval: ElementHandle.evaluate: Connection closed while reading from the driver
  ⚠️ JS eval: ElementHandle.evaluate: Connection closed while reading from the driver
  ⚠️ JS eval: ElementHandle.evaluate: Connection closed while reading from the driver
  ⚠️ JS eval: ElementHandle.evaluate: Connection closed while reading from the driver
  รอบ 8/8: +0 โพสต์ +0 comment (รวม 0)
  ⚠️ scroll error (ข้าม): Page.evaluate: Connection closed while reading from the driver
  ⚠️  ไม่พบข้อมูลใหม่รอบนี้

⏰ รอบต่อไป: 13:59:27  (ทุก 10 นาที) — กด Ctrl+C เพื่อหยุด
📋 โพสต์ที่เคยเห็นแล้ว: 408 รายการ
📂 โหลด session จาก .fb_session.json
🌐 กำลังเปิด Facebook...
✅ Login อยู่แล้ว
💾 บันทึก session แล้ว

📁 กำลังเปิดกลุ่ม (chronological posts feed)...
📄 Page body (200 chars):  
Find friends
Number of unread notifications
1
โป๊กเกอร์ Community Thailand
Private group
 
·
38.2K members
Manage
Community home
Overview
Admin tools
Admin Assist
0 actions, 0 criteria
Member reques
✅ เข้ากลุ่มได้แล้ว — เริ่ม loop ทุก 60 นาที


============================================================
🔄 รอบที่ 1 — 2026-07-31 13:52:53
============================================================

📜 เริ่ม scrape...
  ⬇️  scroll ผ่าน header เพื่อโหลดโพสต์...
    พบ 3 post cards + 6 comment articles
  รอบ 1/8: +1 โพสต์ +0 comment (รวม 1)
    พบ 5 post cards + 9 comment articles
  รอบ 2/8: +0 โพสต์ +0 comment (รวม 1)
    พบ 5 post cards + 8 comment articles
  รอบ 3/8: +0 โพสต์ +0 comment (รวม 1)
    พบ 6 post cards + 10 comment articles
  รอบ 4/8: +0 โพสต์ +0 comment (รวม 1)
    พบ 7 post cards + 11 comment articles
  รอบ 5/8: +0 โพสต์ +0 comment (รวม 1)
    พบ 7 post cards + 12 comment articles
  รอบ 6/8: +0 โพสต์ +0 comment (รวม 1)
    พบ 9 post cards + 14 comment articles
  รอบ 7/8: +0 โพสต์ +0 comment (รวม 1)
    พบ 10 post cards + 14 comment articles
  รอบ 8/8: +0 โพสต์ +0 comment (รวม 1)

📡 ส่ง 1 โพสต์ + 0 comment → SocialEye...
  ⭐📝🖼x1[❤5] Chana Tong Chunam: N8 Global Vs N8 (Line)
*เราสามารถเล่นได้ทั้ง 2 ไหม = ได…
  → ส่งสำเร็จ 1/1 | keyword hits: 1
  💓 ส่ง Heartbeat → https://socialeye-api.vercel.app/api/admin/scraper/heartbeat
  ✅ Heartbeat OK

⏰ รอบต่อไป: 14:10:27  (ทุก 10 นาที) — กด Ctrl+C เพื่อหยุด

============================================================
🔄 รอบที่ 2 — 2026-07-31 14:10:27
============================================================

📜 เริ่ม scrape...
  ⬇️  scroll ผ่าน header เพื่อโหลดโพสต์...
    พบ 3 post cards + 4 comment articles
  รอบ 1/8: +0 โพสต์ +0 comment (รวม 0)
    พบ 6 post cards + 7 comment articles
  รอบ 2/8: +0 โพสต์ +0 comment (รวม 0)
    พบ 5 post cards + 8 comment articles
  รอบ 3/8: +1 โพสต์ +0 comment (รวม 1)
    พบ 6 post cards + 9 comment articles
  รอบ 4/8: +1 โพสต์ +0 comment (รวม 2)
    พบ 6 post cards + 11 comment articles
  รอบ 5/8: +2 โพสต์ +0 comment (รวม 4)
    พบ 7 post cards + 12 comment articles
  รอบ 6/8: +0 โพสต์ +0 comment (รวม 4)
    พบ 7 post cards + 9 comment articles
  รอบ 7/8: +0 โพสต์ +0 comment (รวม 4)

💀 Browser ตาย: ElementHandle.query_selector_all: Connection closed while reading from the driver
🔄 เปิด browser ใหม่ใน 15 วินาที...
📋 โพสต์ที่เคยเห็นแล้ว: 409 รายการ
📂 โหลด session จาก .fb_session.json
🌐 กำลังเปิด Facebook...
✅ Login อยู่แล้ว
💾 บันทึก session แล้ว

📁 กำลังเปิดกลุ่ม (chronological posts feed)...
📄 Page body (200 chars):  
Find friends
Number of unread notifications
2
โป๊กเกอร์ Community Thailand
Private group
 
·
38.2K members
Manage
Community home
Overview
Admin tools
Admin Assist
0 actions, 0 criteria
Member reques
✅ เข้ากลุ่มได้แล้ว — เริ่ม loop ทุก 60 นาที


============================================================
🔄 รอบที่ 1 — 2026-07-31 14:16:29
============================================================

📜 เริ่ม scrape...
  ⬇️  scroll ผ่าน header เพื่อโหลดโพสต์...
    พบ 3 post cards + 4 comment articles
  รอบ 1/8: +0 โพสต์ +0 comment (รวม 0)
    พบ 6 post cards + 7 comment articles
  รอบ 2/8: +0 โพสต์ +0 comment (รวม 0)
    พบ 5 post cards + 8 comment articles
  รอบ 3/8: +1 โพสต์ +0 comment (รวม 1)
    พบ 7 post cards + 10 comment articles
  รอบ 4/8: +0 โพสต์ +0 comment (รวม 1)
    พบ 6 post cards + 11 comment articles
  รอบ 5/8: +0 โพสต์ +0 comment (รวม 1)
    พบ 7 post cards + 13 comment articles
  รอบ 6/8: +0 โพสต์ +0 comment (รวม 1)
    พบ 8 post cards + 10 comment articles

💀 Browser ตาย: ElementHandle.evaluate: Connection closed while reading from the driver
🔄 เปิด browser ใหม่ใน 15 วินาที...
📋 โพสต์ที่เคยเห็นแล้ว: 409 รายการ
📂 โหลด session จาก .fb_session.json
🌐 กำลังเปิด Facebook...
✅ Login อยู่แล้ว
💾 บันทึก session แล้ว

📁 กำลังเปิดกลุ่ม (chronological posts feed)...
📄 Page body (200 chars):  
Find friends
Number of unread notifications
2
โป๊กเกอร์ Community Thailand
Private group
 
·
38.2K members
Manage
Community home
Overview
Admin tools
Admin Assist
0 actions, 0 criteria
Member reques
✅ เข้ากลุ่มได้แล้ว — เริ่ม loop ทุก 60 นาที


============================================================
🔄 รอบที่ 1 — 2026-07-31 14:21:46
============================================================

📜 เริ่ม scrape...
  ⬇️  scroll ผ่าน header เพื่อโหลดโพสต์...
    พบ 3 post cards + 4 comment articles
  รอบ 1/8: +0 โพสต์ +0 comment (รวม 0)
    พบ 6 post cards + 7 comment articles
  รอบ 2/8: +0 โพสต์ +0 comment (รวม 0)
    พบ 5 post cards + 8 comment articles
  รอบ 3/8: +2 โพสต์ +0 comment (รวม 2)
    พบ 6 post cards + 8 comment articles
  รอบ 4/8: +0 โพสต์ +0 comment (รวม 2)
    พบ 5 post cards + 7 comment articles
  รอบ 5/8: +0 โพสต์ +0 comment (รวม 2)
    พบ 6 post cards + 11 comment articles
  รอบ 6/8: +0 โพสต์ +0 comment (รวม 2)
    พบ 7 post cards + 6 comment articles
  รอบ 7/8: +3 โพสต์ +0 comment (รวม 5)
    พบ 7 post cards + 9 comment articles
  รอบ 8/8: +0 โพสต์ +0 comment (รวม 5)

📡 ส่ง 5 โพสต์ + 0 comment → SocialEye...
   ✓📝🖼x1[❤29] Wannayook Cholsara: เต็มข้อ ล่อเต็มแข้ง เฟอร์รารี่ชนกัน
AA QJ
p͏n͏d͏e͏o͏t͏s…
   ✓📝🖼x1[❤23] Khunmee Bass: ขอคำแนะหน่อยครับ
p͏n͏d͏e͏o͏t͏s͏S͏r͏o͏8͏t͏t͏5͏7͏9͏e͏1͏a͏…
   ✓📝🖼x2[❤6] Jakkapan Sangprom: ถ้าเห็นธงไทยมาร์ค 2 ก็ซื้อ
p͏s͏r͏e͏S͏t͏o͏n͏d͏o͏1͏c͏1͏n͏…
   ✓📝🖼x2[❤4] Parnupat Bhochanuk: p͏s͏r͏e͏S͏t͏o͏n͏d͏o͏1͏c͏1͏n͏2͏1͏4͏9͏f͏e͏2͏m͏o͏e͏ ͏m͏3͏6…
  ⭐📝[❤2] Natchapon: 100บาทหาเหรียญ n8…
  → ส่งสำเร็จ 5/5 | keyword hits: 1
  💓 ส่ง Heartbeat → https://socialeye-api.vercel.app/api/admin/scraper/heartbeat
  ✅ Heartbeat OK

⏰ รอบต่อไป: 14:37:24  (ทุก 10 นาที) — กด Ctrl+C เพื่อหยุด
📋 โพสต์ที่เคยเห็นแล้ว: 414 รายการ
📂 โหลด session จาก .fb_session.json
🌐 กำลังเปิด Facebook...
✅ Login อยู่แล้ว
💾 บันทึก session แล้ว

📁 กำลังเปิดกลุ่ม (chronological posts feed)...
📄 Page body (200 chars):  
Find friends
Number of unread notifications
2
โป๊กเกอร์ Community Thailand
Private group
 
·
38.2K members
Manage
Community home
Overview
Admin tools
Admin Assist
0 actions, 0 criteria
Member reques
✅ เข้ากลุ่มได้แล้ว — เริ่ม loop ทุก 60 นาที


============================================================
🔄 รอบที่ 1 — 2026-07-31 14:37:40
============================================================

📜 เริ่ม scrape...
  ⬇️  scroll ผ่าน header เพื่อโหลดโพสต์...
    พบ 3 post cards + 4 comment articles
  รอบ 1/8: +0 โพสต์ +0 comment (รวม 0)
    พบ 6 post cards + 8 comment articles
  รอบ 2/8: +0 โพสต์ +0 comment (รวม 0)
    พบ 7 post cards + 13 comment articles
  รอบ 3/8: +0 โพสต์ +0 comment (รวม 0)
    พบ 5 post cards + 4 comment articles
  รอบ 4/8: +0 โพสต์ +0 comment (รวม 0)
    พบ 6 post cards + 7 comment articles
  รอบ 5/8: +0 โพสต์ +0 comment (รวม 0)
    พบ 7 post cards + 9 comment articles
  รอบ 6/8: +0 โพสต์ +0 comment (รวม 0)
    พบ 10 post cards + 10 comment articles
  รอบ 7/8: +0 โพสต์ +0 comment (รวม 0)
    พบ 10 post cards + 11 comment articles
  รอบ 8/8: +0 โพสต์ +0 comment (รวม 0)
  ⚠️  ไม่พบข้อมูลใหม่รอบนี้
  💓 ส่ง Heartbeat → https://socialeye-api.vercel.app/api/admin/scraper/heartbeat
  ✅ Heartbeat OK

⏰ รอบต่อไป: 14:51:36  (ทุก 10 นาที) — กด Ctrl+C เพื่อหยุด

============================================================
🔄 รอบที่ 2 — 2026-07-31 14:51:36
============================================================

📜 เริ่ม scrape...
  ⬇️  scroll ผ่าน header เพื่อโหลดโพสต์...
    พบ 3 post cards + 4 comment articles
  รอบ 1/8: +0 โพสต์ +0 comment (รวม 0)
    พบ 5 post cards + 6 comment articles
  รอบ 2/8: +3 โพสต์ +0 comment (รวม 3)
    พบ 5 post cards + 6 comment articles
  รอบ 3/8: +0 โพสต์ +0 comment (รวม 3)
    พบ 7 post cards + 9 comment articles
  รอบ 4/8: +0 โพสต์ +0 comment (รวม 3)
    พบ 8 post cards + 5 comment articles
  รอบ 5/8: +0 โพสต์ +0 comment (รวม 3)
    พบ 7 post cards + 9 comment articles
  รอบ 6/8: +2 โพสต์ +0 comment (รวม 5)
    พบ 9 post cards + 9 comment articles
  รอบ 7/8: +0 โพสต์ +0 comment (รวม 5)
    พบ 8 post cards + 10 comment articles
  รอบ 8/8: +0 โพสต์ +0 comment (รวม 5)

📡 ส่ง 5 โพสต์ + 0 comment → SocialEye...
   ✓📝🖼x1[❤12] Ampol Thoedrit: ได้ที่ 2 อดแชมป์ เงินตามเยอะมาก
S͏o͏n͏d͏p͏o͏t͏s͏r͏e͏u͏M…
   ✓📝🖼x1[❤2] K'em MC Freedom: ถ้าเราเช็คกลับดูริเวอร์หน้าจะรอด แฮนด์วัดความรู้ก่อนเข้…
   ✓📝🖼x4[❤4] Jakkapan Sangprom: r͏d͏s͏o͏o͏S͏t͏p͏n͏e͏9͏8͏2͏0͏8͏3͏8͏7͏u͏h͏i͏u͏L͏0͏6͏a͏6͏a…
   ✓📝🖼x1[❤1] โจ จิรวัฒน์ ทองแก้: ขอบคุณครับ
พอได้ค่าชาเขียว
ขอบคุณครับ
พอได้ค่าชาเขียว…
   ✓📝🖼x1[❤0] สรศักดิ์ จันทร์แก้: อันนี้​เราต้องมาเล่นเองไหม
เล่นแคชเกมครบ100แฮน
มันให้ตั…
  → ส่งสำเร็จ 5/5 | keyword hits: 0
  💓 ส่ง Heartbeat → https://socialeye-api.vercel.app/api/admin/scraper/heartbeat
  ✅ Heartbeat OK

⏰ รอบต่อไป: 15:05:23  (ทุก 10 นาที) — กด Ctrl+C เพื่อหยุด

============================================================
🔄 รอบที่ 3 — 2026-07-31 15:05:23
============================================================

📜 เริ่ม scrape...
  ⬇️  scroll ผ่าน header เพื่อโหลดโพสต์...
    พบ 3 post cards + 4 comment articles
  รอบ 1/8: +0 โพสต์ +0 comment (รวม 0)
    พบ 6 post cards + 8 comment articles
  รอบ 2/8: +0 โพสต์ +0 comment (รวม 0)
    พบ 6 post cards + 11 comment articles
  รอบ 3/8: +0 โพสต์ +0 comment (รวม 0)
    พบ 6 post cards + 8 comment articles
  รอบ 4/8: +0 โพสต์ +0 comment (รวม 0)
    พบ 5 post cards + 9 comment articles
  รอบ 5/8: +0 โพสต์ +0 comment (รวม 0)
    พบ 6 post cards + 11 comment articles
  รอบ 6/8: +0 โพสต์ +0 comment (รวม 0)
    พบ 6 post cards + 8 comment articles
  รอบ 7/8: +0 โพสต์ +0 comment (รวม 0)
    พบ 8 post cards + 9 comment articles
  รอบ 8/8: +0 โพสต์ +0 comment (รวม 0)
  ⚠️  ไม่พบข้อมูลใหม่รอบนี้
  💓 ส่ง Heartbeat → https://socialeye-api.vercel.app/api/admin/scraper/heartbeat
  ✅ Heartbeat OK

⏰ รอบต่อไป: 15:18:59  (ทุก 10 นาที) — กด Ctrl+C เพื่อหยุด

============================================================
🔄 รอบที่ 4 — 2026-07-31 15:18:59
============================================================

📜 เริ่ม scrape...
  ⬇️  scroll ผ่าน header เพื่อโหลดโพสต์...
    พบ 3 post cards + 4 comment articles
  รอบ 1/8: +0 โพสต์ +0 comment (รวม 0)
    พบ 6 post cards + 8 comment articles
  รอบ 2/8: +0 โพสต์ +0 comment (รวม 0)
    พบ 7 post cards + 13 comment articles
  รอบ 3/8: +0 โพสต์ +0 comment (รวม 0)
    พบ 6 post cards + 7 comment articles
  รอบ 4/8: +0 โพสต์ +0 comment (รวม 0)
    พบ 5 post cards + 7 comment articles
  รอบ 5/8: +0 โพสต์ +0 comment (รวม 0)
    พบ 6 post cards + 9 comment articles
  รอบ 6/8: +0 โพสต์ +0 comment (รวม 0)
    พบ 9 post cards + 10 comment articles
  รอบ 7/8: +0 โพสต์ +0 comment (รวม 0)
    พบ 8 post cards + 13 comment articles
  รอบ 8/8: +0 โพสต์ +0 comment (รวม 0)
  ⚠️  ไม่พบข้อมูลใหม่รอบนี้
  💓 ส่ง Heartbeat → https://socialeye-api.vercel.app/api/admin/scraper/heartbeat
  ✅ Heartbeat OK

⏰ รอบต่อไป: 15:32:47  (ทุก 10 นาที) — กด Ctrl+C เพื่อหยุด

============================================================
🔄 รอบที่ 5 — 2026-07-31 15:32:47
============================================================

📜 เริ่ม scrape...
  ⬇️  scroll ผ่าน header เพื่อโหลดโพสต์...
    พบ 3 post cards + 4 comment articles
  รอบ 1/8: +0 โพสต์ +0 comment (รวม 0)
    พบ 6 post cards + 8 comment articles
  รอบ 2/8: +0 โพสต์ +0 comment (รวม 0)
    พบ 7 post cards + 13 comment articles
  รอบ 3/8: +0 โพสต์ +0 comment (รวม 0)
    พบ 5 post cards + 6 comment articles
  รอบ 4/8: +0 โพสต์ +0 comment (รวม 0)
    พบ 7 post cards + 9 comment articles
  รอบ 5/8: +0 โพสต์ +0 comment (รวม 0)
    พบ 7 post cards + 9 comment articles
  รอบ 6/8: +0 โพสต์ +0 comment (รวม 0)
    พบ 9 post cards + 9 comment articles
  รอบ 7/8: +0 โพสต์ +0 comment (รวม 0)
    พบ 9 post cards + 10 comment articles
  รอบ 8/8: +0 โพสต์ +0 comment (รวม 0)
  ⚠️  ไม่พบข้อมูลใหม่รอบนี้
  💓 ส่ง Heartbeat → https://socialeye-api.vercel.app/api/admin/scraper/heartbeat
  ✅ Heartbeat OK

⏰ รอบต่อไป: 15:46:29  (ทุก 10 นาที) — กด Ctrl+C เพื่อหยุด

============================================================
🔄 รอบที่ 6 — 2026-07-31 15:46:29
============================================================

📜 เริ่ม scrape...
  ⬇️  scroll ผ่าน header เพื่อโหลดโพสต์...
    พบ 3 post cards + 6 comment articles
  รอบ 1/8: +0 โพสต์ +0 comment (รวม 0)
    พบ 5 post cards + 8 comment articles
  รอบ 2/8: +0 โพสต์ +0 comment (รวม 0)
    พบ 6 post cards + 7 comment articles
  รอบ 3/8: +3 โพสต์ +0 comment (รวม 3)
    พบ 5 post cards + 8 comment articles
  รอบ 4/8: +0 โพสต์ +0 comment (รวม 3)
    พบ 6 post cards + 9 comment articles
  รอบ 5/8: +1 โพสต์ +0 comment (รวม 4)
    พบ 6 post cards + 11 comment articles
  รอบ 6/8: +0 โพสต์ +0 comment (รวม 4)
    พบ 7 post cards + 12 comment articles
  รอบ 7/8: +0 โพสต์ +0 comment (รวม 4)
    พบ 8 post cards + 8 comment articles
  รอบ 8/8: +0 โพสต์ +0 comment (รวม 4)

📡 ส่ง 4 โพสต์ + 0 comment → SocialEye...
   ✓📝🖼x2[❤0] Back Passagon: s͏o͏S͏d͏o͏p͏t͏r͏n͏e͏m͏5͏a͏e͏M͏0͏c͏l͏4͏0͏6͏7͏0͏i͏r͏l͏m͏o…
  ⭐📝🖼x1[❤8] Kim5678: s͏
o͏
S͏
d͏
o͏
p͏
t͏
r͏
n͏
e͏
m͏
5͏
l͏
u͏
t͏
0͏
c͏
l͏
4…
  ⭐📝🖼x1[❤1] Kim5678: วันนี้จะ WIN อีกหรือไหม #poker Kim5678
วันนี้จะ WIN อีก…
   ✓📝🖼x1[❤3] Ratchawut Chumpol: ขอเข้าไปลุยชิวๆก็ไม่ได้หรอ ริเวอร์มันร้ายย ใจร้ายยยย
S͏…
  → ส่งสำเร็จ 4/4 | keyword hits: 2
  💓 ส่ง Heartbeat → https://socialeye-api.vercel.app/api/admin/scraper/heartbeat
  ✅ Heartbeat OK

⏰ รอบต่อไป: 16:00:01  (ทุก 10 นาที) — กด Ctrl+C เพื่อหยุด

============================================================
🔄 รอบที่ 7 — 2026-07-31 16:00:01
============================================================

📜 เริ่ม scrape...
  ⬇️  scroll ผ่าน header เพื่อโหลดโพสต์...
    พบ 3 post cards + 6 comment articles
  รอบ 1/8: +0 โพสต์ +0 comment (รวม 0)
    พบ 5 post cards + 8 comment articles
  รอบ 2/8: +0 โพสต์ +0 comment (รวม 0)
    พบ 5 post cards + 8 comment articles
  รอบ 3/8: +0 โพสต์ +0 comment (รวม 0)
    พบ 6 post cards + 8 comment articles
  รอบ 4/8: +0 โพสต์ +0 comment (รวม 0)
    พบ 8 post cards + 11 comment articles
  รอบ 5/8: +0 โพสต์ +0 comment (รวม 0)
    พบ 8 post cards + 11 comment articles
  รอบ 6/8: +0 โพสต์ +0 comment (รวม 0)
    พบ 10 post cards + 11 comment articles
  รอบ 7/8: +0 โพสต์ +0 comment (รวม 0)
    พบ 10 post cards + 10 comment articles
  รอบ 8/8: +0 โพสต์ +0 comment (รวม 0)
  ⚠️  ไม่พบข้อมูลใหม่รอบนี้
  💓 ส่ง Heartbeat → https://socialeye-api.vercel.app/api/admin/scraper/heartbeat
  ✅ Heartbeat OK

⏰ รอบต่อไป: 16:14:30  (ทุก 10 นาที) — กด Ctrl+C เพื่อหยุด

============================================================
🔄 รอบที่ 8 — 2026-07-31 16:14:30
============================================================

📜 เริ่ม scrape...
  ⬇️  scroll ผ่าน header เพื่อโหลดโพสต์...
    พบ 3 post cards + 6 comment articles
  รอบ 1/8: +0 โพสต์ +0 comment (รวม 0)
    พบ 5 post cards + 8 comment articles
  รอบ 2/8: +0 โพสต์ +0 comment (รวม 0)
    พบ 5 post cards + 9 comment articles
  รอบ 3/8: +0 โพสต์ +0 comment (รวม 0)
    พบ 6 post cards + 11 comment articles
  รอบ 4/8: +0 โพสต์ +0 comment (รวม 0)
    พบ 5 post cards + 11 comment articles
  รอบ 5/8: +0 โพสต์ +0 comment (รวม 0)
    พบ 5 post cards + 8 comment articles
  รอบ 6/8: +0 โพสต์ +0 comment (รวม 0)
    พบ 5 post cards + 11 comment articles
  รอบ 7/8: +0 โพสต์ +0 comment (รวม 0)
    พบ 5 post cards + 11 comment articles
  รอบ 8/8: +0 โพสต์ +0 comment (รวม 0)
  ⚠️  ไม่พบข้อมูลใหม่รอบนี้
  💓 ส่ง Heartbeat → https://socialeye-api.vercel.app/api/admin/scraper/heartbeat
  ✅ Heartbeat OK

⏰ รอบต่อไป: 16:27:55  (ทุก 10 นาที) — กด Ctrl+C เพื่อหยุด

============================================================
🔄 รอบที่ 9 — 2026-07-31 16:27:55
============================================================

📜 เริ่ม scrape...
  ⬇️  scroll ผ่าน header เพื่อโหลดโพสต์...
    พบ 3 post cards + 6 comment articles
  รอบ 1/8: +0 โพสต์ +0 comment (รวม 0)
    พบ 5 post cards + 8 comment articles
  รอบ 2/8: +0 โพสต์ +0 comment (รวม 0)
    พบ 5 post cards + 9 comment articles
  รอบ 3/8: +0 โพสต์ +0 comment (รวม 0)
    พบ 5 post cards + 8 comment articles
  รอบ 4/8: +0 โพสต์ +0 comment (รวม 0)
    พบ 6 post cards + 8 comment articles
  รอบ 5/8: +0 โพสต์ +0 comment (รวม 0)
    พบ 6 post cards + 10 comment articles
  รอบ 6/8: +0 โพสต์ +0 comment (รวม 0)
    พบ 7 post cards + 13 comment articles
  รอบ 7/8: +0 โพสต์ +0 comment (รวม 0)
    พบ 9 post cards + 9 comment articles
  รอบ 8/8: +0 โพสต์ +0 comment (รวม 0)
  ⚠️  ไม่พบข้อมูลใหม่รอบนี้
  💓 ส่ง Heartbeat → https://socialeye-api.vercel.app/api/admin/scraper/heartbeat
  ✅ Heartbeat OK

⏰ รอบต่อไป: 16:41:41  (ทุก 10 นาที) — กด Ctrl+C เพื่อหยุด

============================================================
🔄 รอบที่ 10 — 2026-07-31 16:41:41
============================================================

📜 เริ่ม scrape...
  ⬇️  scroll ผ่าน header เพื่อโหลดโพสต์...
    พบ 2 post cards + 6 comment articles
  รอบ 1/8: +0 โพสต์ +0 comment (รวม 0)
    พบ 5 post cards + 8 comment articles
  รอบ 2/8: +0 โพสต์ +0 comment (รวม 0)
    พบ 7 post cards + 15 comment articles
  รอบ 3/8: +0 โพสต์ +0 comment (รวม 0)
    พบ 6 post cards + 12 comment articles
  รอบ 4/8: +0 โพสต์ +0 comment (รวม 0)
    พบ 5 post cards + 9 comment articles
  รอบ 5/8: +0 โพสต์ +0 comment (รวม 0)
    พบ 6 post cards + 13 comment articles
  รอบ 6/8: +0 โพสต์ +0 comment (รวม 0)
    พบ 5 post cards + 9 comment articles
  รอบ 7/8: +0 โพสต์ +0 comment (รวม 0)
    พบ 6 post cards + 10 comment articles
  รอบ 8/8: +0 โพสต์ +0 comment (รวม 0)
  ⚠️  ไม่พบข้อมูลใหม่รอบนี้
  💓 ส่ง Heartbeat → https://socialeye-api.vercel.app/api/admin/scraper/heartbeat
  ✅ Heartbeat OK

⏰ รอบต่อไป: 16:55:32  (ทุก 10 นาที) — กด Ctrl+C เพื่อหยุด

============================================================
🔄 รอบที่ 11 — 2026-07-31 16:55:32
============================================================

📜 เริ่ม scrape...
  ⬇️  scroll ผ่าน header เพื่อโหลดโพสต์...
    พบ 3 post cards + 6 comment articles
  รอบ 1/8: +0 โพสต์ +0 comment (รวม 0)
    พบ 5 post cards + 10 comment articles
  รอบ 2/8: +3 โพสต์ +0 comment (รวม 3)
    พบ 7 post cards + 12 comment articles
  รอบ 3/8: +2 โพสต์ +0 comment (รวม 5)
    พบ 6 post cards + 12 comment articles
  รอบ 4/8: +0 โพสต์ +0 comment (รวม 5)
    พบ 7 post cards + 13 comment articles
  รอบ 5/8: +0 โพสต์ +0 comment (รวม 5)
    พบ 6 post cards + 13 comment articles
  รอบ 6/8: +0 โพสต์ +0 comment (รวม 5)
    พบ 7 post cards + 14 comment articles
  รอบ 7/8: +0 โพสต์ +0 comment (รวม 5)
    พบ 7 post cards + 11 comment articles
  รอบ 8/8: +0 โพสต์ +0 comment (รวม 5)

📡 ส่ง 5 โพสต์ + 0 comment → SocialEye...
   ✓📝🖼x3[❤10] PatChrapa Saengman: เจอคน ชนะ AA ถึง 3 รอบ ในโต๊ะเดียวกัน คนๆเดียว ไม่กล้าเ…
   ✓📝🖼x1[❤7] Dave Gambit: เข้าที่สุดท้าย จะจบที่เท่าไหร่
o͏e͏S͏d͏n͏s͏o͏r͏p͏t͏o͏4͏…
   ✓📝🖼x1[❤7] Somsak Srivat: แฮนด์นี้ควรคลอ หรือหมอบดีครับ ผมเล่นผิดเองควรเบทที่ริเว…
  ⭐📝🖼x3[❤28] Warapichai Phopuet: เลิกละคับ N8 จบฟรีฟล็อบทุกแฮนด์แพ้ทุกแฮนด์
n͏d͏e͏t͏o͏r͏…
   ✓📝🖼x3[❤42] Kim5678: Mission completed 5000$ ใน 1 เดือนพอดี ยอมรับว่าสู่เค้า…
  → ส่งสำเร็จ 5/5 | keyword hits: 1
  💓 ส่ง Heartbeat → https://socialeye-api.vercel.app/api/admin/scraper/heartbeat
  ✅ Heartbeat OK

⏰ รอบต่อไป: 17:09:31  (ทุก 10 นาที) — กด Ctrl+C เพื่อหยุด

============================================================
🔄 รอบที่ 12 — 2026-07-31 17:09:31
============================================================

📜 เริ่ม scrape...
  ⬇️  scroll ผ่าน header เพื่อโหลดโพสต์...
    พบ 3 post cards + 6 comment articles
  รอบ 1/8: +0 โพสต์ +0 comment (รวม 0)
    พบ 5 post cards + 8 comment articles
  รอบ 2/8: +0 โพสต์ +0 comment (รวม 0)
    พบ 5 post cards + 8 comment articles
  รอบ 3/8: +0 โพสต์ +0 comment (รวม 0)
    พบ 6 post cards + 8 comment articles
  รอบ 4/8: +0 โพสต์ +0 comment (รวม 0)
    พบ 8 post cards + 11 comment articles
  รอบ 5/8: +0 โพสต์ +0 comment (รวม 0)
    พบ 8 post cards + 11 comment articles
  รอบ 6/8: +0 โพสต์ +0 comment (รวม 0)
    พบ 10 post cards + 12 comment articles
  รอบ 7/8: +0 โพสต์ +0 comment (รวม 0)
    พบ 11 post cards + 13 comment articles
  รอบ 8/8: +0 โพสต์ +0 comment (รวม 0)
  ⚠️  ไม่พบข้อมูลใหม่รอบนี้
  💓 ส่ง Heartbeat → https://socialeye-api.vercel.app/api/admin/scraper/heartbeat
  ✅ Heartbeat OK

⏰ รอบต่อไป: 17:23:54  (ทุก 10 นาที) — กด Ctrl+C เพื่อหยุด

============================================================
🔄 รอบที่ 13 — 2026-07-31 17:23:54
============================================================

📜 เริ่ม scrape...
  ⬇️  scroll ผ่าน header เพื่อโหลดโพสต์...
    พบ 3 post cards + 6 comment articles
  รอบ 1/8: +0 โพสต์ +0 comment (รวม 0)
    พบ 5 post cards + 8 comment articles
  รอบ 2/8: +0 โพสต์ +0 comment (รวม 0)
    พบ 5 post cards + 8 comment articles
  รอบ 3/8: +0 โพสต์ +0 comment (รวม 0)
    พบ 6 post cards + 8 comment articles
  รอบ 4/8: +0 โพสต์ +0 comment (รวม 0)
    พบ 8 post cards + 11 comment articles
  รอบ 5/8: +0 โพสต์ +0 comment (รวม 0)
    พบ 8 post cards + 13 comment articles
  รอบ 6/8: +0 โพสต์ +0 comment (รวม 0)
    พบ 8 post cards + 9 comment articles
  รอบ 7/8: +0 โพสต์ +0 comment (รวม 0)
    พบ 9 post cards + 12 comment articles
  รอบ 8/8: +0 โพสต์ +0 comment (รวม 0)
  ⚠️  ไม่พบข้อมูลใหม่รอบนี้
  💓 ส่ง Heartbeat → https://socialeye-api.vercel.app/api/admin/scraper/heartbeat
  ✅ Heartbeat OK

⏰ รอบต่อไป: 17:37:55  (ทุก 10 นาที) — กด Ctrl+C เพื่อหยุด

============================================================
🔄 รอบที่ 14 — 2026-07-31 17:37:55
============================================================

📜 เริ่ม scrape...
  ⬇️  scroll ผ่าน header เพื่อโหลดโพสต์...
    พบ 3 post cards + 6 comment articles
  รอบ 1/8: +0 โพสต์ +0 comment (รวม 0)
    พบ 5 post cards + 8 comment articles
  รอบ 2/8: +0 โพสต์ +0 comment (รวม 0)
    พบ 5 post cards + 9 comment articles
  รอบ 3/8: +0 โพสต์ +0 comment (รวม 0)
    พบ 6 post cards + 11 comment articles
  รอบ 4/8: +0 โพสต์ +0 comment (รวม 0)
    พบ 6 post cards + 10 comment articles
  รอบ 5/8: +0 โพสต์ +0 comment (รวม 0)
    พบ 5 post cards + 10 comment articles
  รอบ 6/8: +0 โพสต์ +0 comment (รวม 0)
    พบ 7 post cards + 12 comment articles
  รอบ 7/8: +0 โพสต์ +0 comment (รวม 0)
    พบ 8 post cards + 12 comment articles
  รอบ 8/8: +0 โพสต์ +0 comment (รวม 0)
  ⚠️  ไม่พบข้อมูลใหม่รอบนี้
  💓 ส่ง Heartbeat → https://socialeye-api.vercel.app/api/admin/scraper/heartbeat
  ✅ Heartbeat OK

⏰ รอบต่อไป: 17:51:51  (ทุก 10 นาที) — กด Ctrl+C เพื่อหยุด

============================================================
🔄 รอบที่ 15 — 2026-07-31 17:51:51
============================================================

📜 เริ่ม scrape...
  ⬇️  scroll ผ่าน header เพื่อโหลดโพสต์...
    พบ 3 post cards + 6 comment articles
  รอบ 1/8: +0 โพสต์ +0 comment (รวม 0)
    พบ 5 post cards + 10 comment articles
  รอบ 2/8: +0 โพสต์ +0 comment (รวม 0)
    พบ 6 post cards + 11 comment articles
  รอบ 3/8: +0 โพสต์ +0 comment (รวม 0)
    พบ 6 post cards + 10 comment articles
  รอบ 4/8: +0 โพสต์ +0 comment (รวม 0)
    พบ 8 post cards + 12 comment articles
  รอบ 5/8: +0 โพสต์ +0 comment (รวม 0)
    พบ 8 post cards + 13 comment articles
  รอบ 6/8: +0 โพสต์ +0 comment (รวม 0)
    พบ 9 post cards + 13 comment articles
  รอบ 7/8: +0 โพสต์ +0 comment (รวม 0)
    พบ 9 post cards + 14 comment articles
  รอบ 8/8: +0 โพสต์ +0 comment (รวม 0)
  ⚠️  ไม่พบข้อมูลใหม่รอบนี้
  💓 ส่ง Heartbeat → https://socialeye-api.vercel.app/api/admin/scraper/heartbeat
  ✅ Heartbeat OK

⏰ รอบต่อไป: 18:06:01  (ทุก 10 นาที) — กด Ctrl+C เพื่อหยุด

============================================================
🔄 รอบที่ 16 — 2026-07-31 18:06:01
============================================================

📜 เริ่ม scrape...
  ⬇️  scroll ผ่าน header เพื่อโหลดโพสต์...
    พบ 3 post cards + 6 comment articles
  รอบ 1/8: +0 โพสต์ +0 comment (รวม 0)
    พบ 5 post cards + 8 comment articles
  รอบ 2/8: +0 โพสต์ +0 comment (รวม 0)
    พบ 5 post cards + 8 comment articles
  รอบ 3/8: +0 โพสต์ +0 comment (รวม 0)
    พบ 6 post cards + 8 comment articles
  รอบ 4/8: +0 โพสต์ +0 comment (รวม 0)
    พบ 8 post cards + 11 comment articles
  รอบ 5/8: +0 โพสต์ +0 comment (รวม 0)
    พบ 8 post cards + 10 comment articles
  รอบ 6/8: +0 โพสต์ +0 comment (รวม 0)
    พบ 8 post cards + 9 comment articles
  รอบ 7/8: +0 โพสต์ +0 comment (รวม 0)
    พบ 10 post cards + 11 comment articles
  รอบ 8/8: +0 โพสต์ +0 comment (รวม 0)
  ⚠️  ไม่พบข้อมูลใหม่รอบนี้
  💓 ส่ง Heartbeat → https://socialeye-api.vercel.app/api/admin/scraper/heartbeat
  ✅ Heartbeat OK

⏰ รอบต่อไป: 18:20:09  (ทุก 10 นาที) — กด Ctrl+C เพื่อหยุด

============================================================
🔄 รอบที่ 17 — 2026-07-31 18:20:09
============================================================

📜 เริ่ม scrape...
  ⬇️  scroll ผ่าน header เพื่อโหลดโพสต์...
    พบ 3 post cards + 6 comment articles
  รอบ 1/8: +0 โพสต์ +0 comment (รวม 0)
    พบ 5 post cards + 10 comment articles
  รอบ 2/8: +0 โพสต์ +0 comment (รวม 0)
    พบ 6 post cards + 11 comment articles
  รอบ 3/8: +0 โพสต์ +0 comment (รวม 0)
    พบ 6 post cards + 10 comment articles
  รอบ 4/8: +0 โพสต์ +0 comment (รวม 0)
    พบ 8 post cards + 10 comment articles
  รอบ 5/8: +0 โพสต์ +0 comment (รวม 0)
    พบ 8 post cards + 13 comment articles
  รอบ 6/8: +0 โพสต์ +0 comment (รวม 0)
    พบ 9 post cards + 16 comment articles
  รอบ 7/8: +0 โพสต์ +0 comment (รวม 0)
    พบ 9 post cards + 16 comment articles
  รอบ 8/8: +0 โพสต์ +0 comment (รวม 0)
  ⚠️  ไม่พบข้อมูลใหม่รอบนี้
  💓 ส่ง Heartbeat → https://socialeye-api.vercel.app/api/admin/scraper/heartbeat
  ✅ Heartbeat OK

⏰ รอบต่อไป: 18:34:21  (ทุก 10 นาที) — กด Ctrl+C เพื่อหยุด

============================================================
🔄 รอบที่ 18 — 2026-07-31 18:34:21
============================================================

📜 เริ่ม scrape...
  ⬇️  scroll ผ่าน header เพื่อโหลดโพสต์...
    พบ 3 post cards + 6 comment articles
  รอบ 1/8: +0 โพสต์ +0 comment (รวม 0)
    พบ 5 post cards + 8 comment articles
  รอบ 2/8: +0 โพสต์ +0 comment (รวม 0)
    พบ 5 post cards + 8 comment articles
  รอบ 3/8: +0 โพสต์ +0 comment (รวม 0)
    พบ 6 post cards + 8 comment articles
  รอบ 4/8: +0 โพสต์ +0 comment (รวม 0)
    พบ 8 post cards + 11 comment articles
  รอบ 5/8: +0 โพสต์ +0 comment (รวม 0)
    พบ 8 post cards + 11 comment articles
  รอบ 6/8: +0 โพสต์ +0 comment (รวม 0)
    พบ 10 post cards + 12 comment articles
  รอบ 7/8: +0 โพสต์ +0 comment (รวม 0)
    พบ 11 post cards + 13 comment articles
  รอบ 8/8: +0 โพสต์ +0 comment (รวม 0)
  ⚠️  ไม่พบข้อมูลใหม่รอบนี้
  💓 ส่ง Heartbeat → https://socialeye-api.vercel.app/api/admin/scraper/heartbeat
  ✅ Heartbeat OK

⏰ รอบต่อไป: 18:48:32  (ทุก 10 นาที) — กด Ctrl+C เพื่อหยุด

============================================================
🔄 รอบที่ 19 — 2026-07-31 18:48:32
============================================================

📜 เริ่ม scrape...
  ⬇️  scroll ผ่าน header เพื่อโหลดโพสต์...
    พบ 3 post cards + 4 comment articles
  รอบ 1/8: +0 โพสต์ +0 comment (รวม 0)
    พบ 6 post cards + 8 comment articles
  รอบ 2/8: +0 โพสต์ +0 comment (รวม 0)
    พบ 7 post cards + 13 comment articles
  รอบ 3/8: +0 โพสต์ +0 comment (รวม 0)
    พบ 5 post cards + 4 comment articles
  รอบ 4/8: +0 โพสต์ +0 comment (รวม 0)
    พบ 6 post cards + 7 comment articles
  รอบ 5/8: +0 โพสต์ +0 comment (รวม 0)
    พบ 7 post cards + 9 comment articles
  รอบ 6/8: +0 โพสต์ +0 comment (รวม 0)
    พบ 9 post cards + 8 comment articles
  รอบ 7/8: +0 โพสต์ +0 comment (รวม 0)
    พบ 8 post cards + 6 comment articles
  รอบ 8/8: +0 โพสต์ +0 comment (รวม 0)
  ⚠️  ไม่พบข้อมูลใหม่รอบนี้
  💓 ส่ง Heartbeat → https://socialeye-api.vercel.app/api/admin/scraper/heartbeat
  ✅ Heartbeat OK

⏰ รอบต่อไป: 19:02:23  (ทุก 10 นาที) — กด Ctrl+C เพื่อหยุด

============================================================
🔄 รอบที่ 20 — 2026-07-31 19:02:23
============================================================

📜 เริ่ม scrape...
  ⬇️  scroll ผ่าน header เพื่อโหลดโพสต์...
    พบ 3 post cards + 4 comment articles
  รอบ 1/8: +0 โพสต์ +0 comment (รวม 0)
    พบ 5 post cards + 6 comment articles
  รอบ 2/8: +0 โพสต์ +0 comment (รวม 0)
    พบ 5 post cards + 6 comment articles
  รอบ 3/8: +0 โพสต์ +0 comment (รวม 0)
    พบ 7 post cards + 10 comment articles
  รอบ 4/8: +0 โพสต์ +0 comment (รวม 0)
    พบ 7 post cards + 6 comment articles
  รอบ 5/8: +0 โพสต์ +0 comment (รวม 0)
    พบ 7 post cards + 10 comment articles
  รอบ 6/8: +0 โพสต์ +0 comment (รวม 0)
    พบ 8 post cards + 10 comment articles
  รอบ 7/8: +0 โพสต์ +0 comment (รวม 0)
    พบ 9 post cards + 10 comment articles
  รอบ 8/8: +0 โพสต์ +0 comment (รวม 0)
  ⚠️  ไม่พบข้อมูลใหม่รอบนี้
  💓 ส่ง Heartbeat → https://socialeye-api.vercel.app/api/admin/scraper/heartbeat
  ✅ Heartbeat OK

⏰ รอบต่อไป: 19:16:31  (ทุก 10 นาที) — กด Ctrl+C เพื่อหยุด

============================================================
🔄 รอบที่ 21 — 2026-07-31 19:16:31
============================================================

📜 เริ่ม scrape...
  ⬇️  scroll ผ่าน header เพื่อโหลดโพสต์...
    พบ 3 post cards + 4 comment articles
  รอบ 1/8: +0 โพสต์ +0 comment (รวม 0)
    พบ 5 post cards + 6 comment articles
  รอบ 2/8: +0 โพสต์ +0 comment (รวม 0)
    พบ 6 post cards + 7 comment articles
  รอบ 3/8: +0 โพสต์ +0 comment (รวม 0)
    พบ 5 post cards + 8 comment articles
  รอบ 4/8: +0 โพสต์ +0 comment (รวม 0)
    พบ 5 post cards + 7 comment articles
  รอบ 5/8: +0 โพสต์ +0 comment (รวม 0)
    พบ 8 post cards + 8 comment articles
  รอบ 6/8: +0 โพสต์ +0 comment (รวม 0)
    พบ 7 post cards + 12 comment articles
  รอบ 7/8: +0 โพสต์ +0 comment (รวม 0)
    พบ 7 post cards + 12 comment articles
  รอบ 8/8: +0 โพสต์ +0 comment (รวม 0)
  ⚠️  ไม่พบข้อมูลใหม่รอบนี้
  💓 ส่ง Heartbeat → https://socialeye-api.vercel.app/api/admin/scraper/heartbeat
  ✅ Heartbeat OK

⏰ รอบต่อไป: 19:30:16  (ทุก 10 นาที) — กด Ctrl+C เพื่อหยุด

============================================================
🔄 รอบที่ 22 — 2026-07-31 19:30:16
============================================================

📜 เริ่ม scrape...
  ⬇️  scroll ผ่าน header เพื่อโหลดโพสต์...
    พบ 3 post cards + 4 comment articles
  รอบ 1/8: +0 โพสต์ +0 comment (รวม 0)
    พบ 5 post cards + 6 comment articles
  รอบ 2/8: +0 โพสต์ +0 comment (รวม 0)
    พบ 5 post cards + 7 comment articles
  รอบ 3/8: +0 โพสต์ +0 comment (รวม 0)
    พบ 6 post cards + 9 comment articles
  รอบ 4/8: +0 โพสต์ +0 comment (รวม 0)
    พบ 7 post cards + 9 comment articles
  รอบ 5/8: +0 โพสต์ +0 comment (รวม 0)
    พบ 8 post cards + 7 comment articles
  รอบ 6/8: +0 โพสต์ +0 comment (รวม 0)
    พบ 7 post cards + 10 comment articles
  รอบ 7/8: +0 โพสต์ +0 comment (รวม 0)
    พบ 7 post cards + 9 comment articles
  รอบ 8/8: +0 โพสต์ +0 comment (รวม 0)
  ⚠️  ไม่พบข้อมูลใหม่รอบนี้
  💓 ส่ง Heartbeat → https://socialeye-api.vercel.app/api/admin/scraper/heartbeat
  ✅ Heartbeat OK

⏰ รอบต่อไป: 19:43:53  (ทุก 10 นาที) — กด Ctrl+C เพื่อหยุด
